[1/2] Building C object CMakeFiles/BluePill_Car.dir/Core/Src/main.c.obj
D:/666WorkSpace/STM32Cube/BluePill_Car/Core/Src/main.c: In function 'main':
D:/666WorkSpace/STM32Cube/BluePill_Car/Core/Src/main.c:225:41: warning: '%d' directive output may be truncated writing between 1 and 10 bytes into a region of size between 0 and 12 [-Wformat-truncation=]
  225 |             snprintf(b,22,"R:%d.%d P:%d.%d Y:%d.%d",ri,rd,pi,pd,yi,yd);
      |                                         ^~
D:/666WorkSpace/STM32Cube/BluePill_Car/Core/Src/main.c:225:27: note: directive argument in the range [0, 2147483647]
  225 |             snprintf(b,22,"R:%d.%d P:%d.%d Y:%d.%d",ri,rd,pi,pd,yi,yd);
      |                           ^~~~~~~~~~~~~~~~~~~~~~~~~
D:/666WorkSpace/STM32Cube/BluePill_Car/Core/Src/main.c:225:27: note: directive argument in the range [0, 2147483647]
D:/666WorkSpace/STM32Cube/BluePill_Car/Core/Src/main.c:225:13: note: 'snprintf' output between 18 and 75 bytes into a destination of size 22
  225 |             snprintf(b,22,"R:%d.%d P:%d.%d Y:%d.%d",ri,rd,pi,pd,yi,yd);
      |             ^~~~~~~~~~~~~~~~~~~~~~~~~~~~~~~~~~~~~~~~~~~~~~~~~~~~~~~~~~
D:/666WorkSpace/STM32Cube/BluePill_Car/Core/Src/main.c:228:42: warning: '%d' directive output may be truncated writing between 1 and 6 bytes into a region of size between 0 and 10 [-Wformat-truncation=]
  228 |             snprintf(b,22,"M0:%d->%d  M1:%d->%d",
      |                                          ^~
D:/666WorkSpace/STM32Cube/BluePill_Car/Core/Src/main.c:228:27: note: directive argument in the range [-32768, 32767]
  228 |             snprintf(b,22,"M0:%d->%d  M1:%d->%d",
      |                           ^~~~~~~~~~~~~~~~~~~~~~
D:/666WorkSpace/STM32Cube/BluePill_Car/Core/Src/main.c:228:13: note: 'snprintf' output between 17 and 47 bytes into a destination of size 22
  228 |             snprintf(b,22,"M0:%d->%d  M1:%d->%d",
      |             ^~~~~~~~~~~~~~~~~~~~~~~~~~~~~~~~~~~~~
  229 |                      rpm_disp[0],(int)spd_target[0],rpm_disp[1],(int)spd_target[1]);
      |                      ~~~~~~~~~~~~~~~~~~~~~~~~~~~~~~~~~~~~~~~~~~~~~~~~~~~~~~~~~~~~~~
[2/2] Linking CXX executable BluePill_Car.elf
FAILED: BluePill_Car.elf 
C:\Windows\system32\cmd.exe /C "cd . && C:\Users\liunian\AppData\Local\stm32cube\bundles\gnu-tools-for-stm32\14.3.1+st.2\bin\arm-none-eabi-g++.exe -mcpu=cortex-m3  -Wall -fdata-sections -ffunction-sections -fstack-usage -fno-rtti -fno-exceptions -fno-threadsafe-statics -O0 -g3 -mcpu=cortex-m3  -T "D:/666WorkSpace/STM32Cube/BluePill_Car/STM32F103xx_FLASH.ld" --specs=nano.specs -Wl,-Map=BluePill_Car.map -Wl,--gc-sections -Wl,--print-memory-usage cmake/stm32cubemx/CMakeFiles/STM32_Drivers.dir/__/__/Core/Src/system_stm32f1xx.c.obj cmake/stm32cubemx/CMakeFiles/STM32_Drivers.dir/__/__/Drivers/STM32F1xx_HAL_Driver/Src/stm32f1xx_hal_gpio_ex.c.obj cmake/stm32cubemx/CMakeFiles/STM32_Drivers.dir/__/__/Drivers/STM32F1xx_HAL_Driver/Src/stm32f1xx_hal_i2c.c.obj cmake/stm32cubemx/CMakeFiles/STM32_Drivers.dir/__/__/Drivers/STM32F1xx_HAL_Driver/Src/stm32f1xx_hal.c.obj cmake/stm32cubemx/CMakeFiles/STM32_Drivers.dir/__/__/Drivers/STM32F1xx_HAL_Driver/Src/stm32f1xx_hal_rcc.c.obj cmake/stm32cubemx/CMakeFiles/STM32_Drivers.dir/__/__/Drivers/STM32F1xx_HAL_Driver/Src/stm32f1xx_hal_rcc_ex.c.obj cmake/stm32cubemx/CMakeFiles/STM32_Drivers.dir/__/__/Drivers/STM32F1xx_HAL_Driver/Src/stm32f1xx_hal_gpio.c.obj cmake/stm32cubemx/CMakeFiles/STM32_Drivers.dir/__/__/Drivers/STM32F1xx_HAL_Driver/Src/stm32f1xx_hal_dma.c.obj cmake/stm32cubemx/CMakeFiles/STM32_Drivers.dir/__/__/Drivers/STM32F1xx_HAL_Driver/Src/stm32f1xx_hal_cortex.c.obj cmake/stm32cubemx/CMakeFiles/STM32_Drivers.dir/__/__/Drivers/STM32F1xx_HAL_Driver/Src/stm32f1xx_hal_pwr.c.obj cmake/stm32cubemx/CMakeFiles/STM32_Drivers.dir/__/__/Drivers/STM32F1xx_HAL_Driver/Src/stm32f1xx_hal_flash.c.obj cmake/stm32cubemx/CMakeFiles/STM32_Drivers.dir/__/__/Drivers/STM32F1xx_HAL_Driver/Src/stm32f1xx_hal_flash_ex.c.obj cmake/stm32cubemx/CMakeFiles/STM32_Drivers.dir/__/__/Drivers/STM32F1xx_HAL_Driver/Src/stm32f1xx_hal_exti.c.obj cmake/stm32cubemx/CMakeFiles/STM32_Drivers.dir/__/__/Drivers/STM32F1xx_HAL_Driver/Src/stm32f1xx_hal_tim.c.obj cmake/stm32cubemx/CMakeFiles/STM32_Drivers.dir/__/__/Drivers/STM32F1xx_HAL_Driver/Src/stm32f1xx_hal_tim_ex.c.obj cmake/stm32cubemx/CMakeFiles/STM32_Drivers.dir/__/__/Drivers/STM32F1xx_HAL_Driver/Src/stm32f1xx_hal_uart.c.obj CMakeFiles/BluePill_Car.dir/Core/Src/main.c.obj CMakeFiles/BluePill_Car.dir/Core/Src/gpio.c.obj CMakeFiles/BluePill_Car.dir/Core/Src/dma.c.obj CMakeFiles/BluePill_Car.dir/Core/Src/i2c.c.obj CMakeFiles/BluePill_Car.dir/Core/Src/tim.c.obj CMakeFiles/BluePill_Car.dir/Core/Src/usart.c.obj CMakeFiles/BluePill_Car.dir/Core/Src/stm32f1xx_it.c.obj CMakeFiles/BluePill_Car.dir/Core/Src/stm32f1xx_hal_msp.c.obj CMakeFiles/BluePill_Car.dir/Core/Src/sysmem.c.obj CMakeFiles/BluePill_Car.dir/Core/Src/syscalls.c.obj CMakeFiles/BluePill_Car.dir/startup_stm32f103xb.s.obj CMakeFiles/BluePill_Car.dir/Core/Src/common/imu_filter.cpp.obj CMakeFiles/BluePill_Car.dir/Core/Src/common/pid.c.obj CMakeFiles/BluePill_Car.dir/Core/Src/common/ringbuf.c.obj CMakeFiles/BluePill_Car.dir/Core/Src/common/tool.c.obj CMakeFiles/BluePill_Car.dir/Core/Src/driver/encoder.c.obj CMakeFiles/BluePill_Car.dir/Core/Src/driver/encoder_platform_ops.c.obj CMakeFiles/BluePill_Car.dir/Core/Src/driver/i2c_hardware_ops.c.obj CMakeFiles/BluePill_Car.dir/Core/Src/driver/imu_base.cpp.obj CMakeFiles/BluePill_Car.dir/Core/Src/driver/imu_bridge.cpp.obj CMakeFiles/BluePill_Car.dir/Core/Src/driver/imu_uart_handler.cpp.obj CMakeFiles/BluePill_Car.dir/Core/Src/driver/motor.cpp.obj CMakeFiles/BluePill_Car.dir/Core/Src/driver/motor_bridge.cpp.obj CMakeFiles/BluePill_Car.dir/Core/Src/driver/motor_protocol.cpp.obj CMakeFiles/BluePill_Car.dir/Core/Src/driver/mpu6050.cpp.obj CMakeFiles/BluePill_Car.dir/Core/Src/driver/oled_bridge.cpp.obj CMakeFiles/BluePill_Car.dir/Core/Src/driver/oled_driver.cpp.obj CMakeFiles/BluePill_Car.dir/Core/Src/driver/oled_font_data.c.obj CMakeFiles/BluePill_Car.dir/Core/Src/driver/pwm.c.obj CMakeFiles/BluePill_Car.dir/Core/Src/driver/pwm_instance.c.obj CMakeFiles/BluePill_Car.dir/Core/Src/driver/pwm_platform_ops.c.obj CMakeFiles/BluePill_Car.dir/Core/Src/driver/servo.cpp.obj CMakeFiles/BluePill_Car.dir/Core/Src/driver/servo_bridge.cpp.obj CMakeFiles/BluePill_Car.dir/Core/Src/driver/servo_protocol.cpp.obj CMakeFiles/BluePill_Car.dir/Core/Src/driver/uart.c.obj CMakeFiles/BluePill_Car.dir/Core/Src/driver/uart_cmd_parser.c.obj CMakeFiles/BluePill_Car.dir/Core/Src/driver/uart_platform_ops.c.obj CMakeFiles/BluePill_Car.dir/Core/Src/driver/usergpio.c.obj CMakeFiles/BluePill_Car.dir/Core/Src/driver/usergpio_platform.c.obj CMakeFiles/BluePill_Car.dir/Core/Src/driver/useri2c.c.obj CMakeFiles/BluePill_Car.dir/Core/Src/driver/useri2c_ops.c.obj -o BluePill_Car.elf  -lm  -lstdc++ && cd ."
C:/Users/liunian/AppData/Local/stm32cube/bundles/gnu-tools-for-stm32/14.3.1+st.2/bin/../lib/gcc/arm-none-eabi/14.3.1/../../../../arm-none-eabi/bin/ld.exe: CMakeFiles/BluePill_Car.dir/Core/Src/driver/oled_driver.cpp.obj: in function `OledDriver::show_string_small(unsigned char, unsigned char, char const*)':
D:/666WorkSpace/STM32Cube/BluePill_Car/Core/Src/driver/oled_driver.cpp:138:(.text._ZN10OledDriver17show_string_smallEhhPKc+0x8c): undefined reference to `OLED_F6x8'
Memory region         Used Size  Region Size  %age Used
             RAM:        3552 B        20 KB     17.34%
           FLASH:       45796 B        64 KB     69.88%
collect2.exe: error: ld returned 1 exit status
ninja: build stopped: subcommand failed.
