Archive member included to satisfy reference by file (symbol)

C:/Program Files (x86)/Arm GNU Toolchain arm-none-eabi/14.2 rel1/bin/../lib/gcc/arm-none-eabi/14.2.1/thumb/v7-m/nofp\libc_nano.a(libc_a-exit.o)
                              C:/Program Files (x86)/Arm GNU Toolchain arm-none-eabi/14.2 rel1/bin/../lib/gcc/arm-none-eabi/14.2.1/thumb/v7-m/nofp/crt0.o (exit)
C:/Program Files (x86)/Arm GNU Toolchain arm-none-eabi/14.2 rel1/bin/../lib/gcc/arm-none-eabi/14.2.1/thumb/v7-m/nofp\libc_nano.a(libc_a-findfp.o)
                              C:/Program Files (x86)/Arm GNU Toolchain arm-none-eabi/14.2 rel1/bin/../lib/gcc/arm-none-eabi/14.2.1/thumb/v7-m/nofp\libc_nano.a(libc_a-exit.o) (__stdio_exit_handler)
C:/Program Files (x86)/Arm GNU Toolchain arm-none-eabi/14.2 rel1/bin/../lib/gcc/arm-none-eabi/14.2.1/thumb/v7-m/nofp\libc_nano.a(libc_a-fwalk.o)
                              C:/Program Files (x86)/Arm GNU Toolchain arm-none-eabi/14.2 rel1/bin/../lib/gcc/arm-none-eabi/14.2.1/thumb/v7-m/nofp\libc_nano.a(libc_a-findfp.o) (_fwalk_sglue)
C:/Program Files (x86)/Arm GNU Toolchain arm-none-eabi/14.2 rel1/bin/../lib/gcc/arm-none-eabi/14.2.1/thumb/v7-m/nofp\libc_nano.a(libc_a-stdio.o)
                              C:/Program Files (x86)/Arm GNU Toolchain arm-none-eabi/14.2 rel1/bin/../lib/gcc/arm-none-eabi/14.2.1/thumb/v7-m/nofp\libc_nano.a(libc_a-findfp.o) (__sread)
C:/Program Files (x86)/Arm GNU Toolchain arm-none-eabi/14.2 rel1/bin/../lib/gcc/arm-none-eabi/14.2.1/thumb/v7-m/nofp\libc_nano.a(libc_a-memset.o)
                              C:/Program Files (x86)/Arm GNU Toolchain arm-none-eabi/14.2 rel1/bin/../lib/gcc/arm-none-eabi/14.2.1/thumb/v7-m/nofp/crt0.o (memset)
C:/Program Files (x86)/Arm GNU Toolchain arm-none-eabi/14.2 rel1/bin/../lib/gcc/arm-none-eabi/14.2.1/thumb/v7-m/nofp\libc_nano.a(libc_a-closer.o)
                              C:/Program Files (x86)/Arm GNU Toolchain arm-none-eabi/14.2 rel1/bin/../lib/gcc/arm-none-eabi/14.2.1/thumb/v7-m/nofp\libc_nano.a(libc_a-stdio.o) (_close_r)
C:/Program Files (x86)/Arm GNU Toolchain arm-none-eabi/14.2 rel1/bin/../lib/gcc/arm-none-eabi/14.2.1/thumb/v7-m/nofp\libc_nano.a(libc_a-reent.o)
                              C:/Program Files (x86)/Arm GNU Toolchain arm-none-eabi/14.2 rel1/bin/../lib/gcc/arm-none-eabi/14.2.1/thumb/v7-m/nofp\libc_nano.a(libc_a-closer.o) (errno)
C:/Program Files (x86)/Arm GNU Toolchain arm-none-eabi/14.2 rel1/bin/../lib/gcc/arm-none-eabi/14.2.1/thumb/v7-m/nofp\libc_nano.a(libc_a-impure.o)
                              C:/Program Files (x86)/Arm GNU Toolchain arm-none-eabi/14.2 rel1/bin/../lib/gcc/arm-none-eabi/14.2.1/thumb/v7-m/nofp\libc_nano.a(libc_a-reent.o) (_impure_ptr)
C:/Program Files (x86)/Arm GNU Toolchain arm-none-eabi/14.2 rel1/bin/../lib/gcc/arm-none-eabi/14.2.1/thumb/v7-m/nofp\libc_nano.a(libc_a-lseekr.o)
                              C:/Program Files (x86)/Arm GNU Toolchain arm-none-eabi/14.2 rel1/bin/../lib/gcc/arm-none-eabi/14.2.1/thumb/v7-m/nofp\libc_nano.a(libc_a-stdio.o) (_lseek_r)
C:/Program Files (x86)/Arm GNU Toolchain arm-none-eabi/14.2 rel1/bin/../lib/gcc/arm-none-eabi/14.2.1/thumb/v7-m/nofp\libc_nano.a(libc_a-readr.o)
                              C:/Program Files (x86)/Arm GNU Toolchain arm-none-eabi/14.2 rel1/bin/../lib/gcc/arm-none-eabi/14.2.1/thumb/v7-m/nofp\libc_nano.a(libc_a-stdio.o) (_read_r)
C:/Program Files (x86)/Arm GNU Toolchain arm-none-eabi/14.2 rel1/bin/../lib/gcc/arm-none-eabi/14.2.1/thumb/v7-m/nofp\libc_nano.a(libc_a-writer.o)
                              C:/Program Files (x86)/Arm GNU Toolchain arm-none-eabi/14.2 rel1/bin/../lib/gcc/arm-none-eabi/14.2.1/thumb/v7-m/nofp\libc_nano.a(libc_a-stdio.o) (_write_r)
C:/Program Files (x86)/Arm GNU Toolchain arm-none-eabi/14.2 rel1/bin/../lib/gcc/arm-none-eabi/14.2.1/thumb/v7-m/nofp\libc_nano.a(libc_a-init.o)
                              C:/Program Files (x86)/Arm GNU Toolchain arm-none-eabi/14.2 rel1/bin/../lib/gcc/arm-none-eabi/14.2.1/thumb/v7-m/nofp/crt0.o (__libc_init_array)
C:/Program Files (x86)/Arm GNU Toolchain arm-none-eabi/14.2 rel1/bin/../lib/gcc/arm-none-eabi/14.2.1/thumb/v7-m/nofp\libc_nano.a(libc_a-lock.o)
                              C:/Program Files (x86)/Arm GNU Toolchain arm-none-eabi/14.2 rel1/bin/../lib/gcc/arm-none-eabi/14.2.1/thumb/v7-m/nofp\libc_nano.a(libc_a-findfp.o) (__retarget_lock_init_recursive)
C:/Program Files (x86)/Arm GNU Toolchain arm-none-eabi/14.2 rel1/bin/../lib/gcc/arm-none-eabi/14.2.1/thumb/v7-m/nofp\libc_nano.a(libc_a-freer.o)
                              C:/Program Files (x86)/Arm GNU Toolchain arm-none-eabi/14.2 rel1/bin/../lib/gcc/arm-none-eabi/14.2.1/thumb/v7-m/nofp\libc_nano.a(libc_a-reent.o) (_free_r)
C:/Program Files (x86)/Arm GNU Toolchain arm-none-eabi/14.2 rel1/bin/../lib/gcc/arm-none-eabi/14.2.1/thumb/v7-m/nofp\libc_nano.a(libc_a-mallocr.o)
[...]
Memory Configuration

Name             Origin             Length             Attributes
RAM              0x20000000         0x00005000         xrw
FLASH            0x08000000         0x00010000         xr
*default*        0x00000000         0xffffffff

Linker script and memory map

LOAD C:/Program Files (x86)/Arm GNU Toolchain arm-none-eabi/14.2 rel1/bin/../lib/gcc/arm-none-eabi/14.2.1/thumb/v7-m/nofp/crti.o
LOAD C:/Program Files (x86)/Arm GNU Toolchain arm-none-eabi/14.2 rel1/bin/../lib/gcc/arm-none-eabi/14.2.1/thumb/v7-m/nofp/crtbegin.o
LOAD C:/Program Files (x86)/Arm GNU Toolchain arm-none-eabi/14.2 rel1/bin/../lib/gcc/arm-none-eabi/14.2.1/thumb/v7-m/nofp/crt0.o
START GROUP
LOAD C:/Program Files (x86)/Arm GNU Toolchain arm-none-eabi/14.2 rel1/bin/../lib/gcc/arm-none-eabi/14.2.1/thumb/v7-m/nofp\libc_nano.a
LOAD C:/Program Files (x86)/Arm GNU Toolchain arm-none-eabi/14.2 rel1/bin/../lib/gcc/arm-none-eabi/14.2.1/thumb/v7-m/nofp\libm.a
END GROUP
LOAD cmake/stm32cubemx/CMakeFiles/STM32_Drivers.dir/__/__/Core/Src/system_stm32f1xx.c.obj
LOAD cmake/stm32cubemx/CMakeFiles/STM32_Drivers.dir/__/__/Drivers/STM32F1xx_HAL_Driver/Src/stm32f1xx_hal_gpio_ex.c.obj
LOAD cmake/stm32cubemx/CMakeFiles/STM32_Drivers.dir/__/__/Drivers/STM32F1xx_HAL_Driver/Src/stm32f1xx_hal_tim.c.obj
LOAD cmake/stm32cubemx/CMakeFiles/STM32_Drivers.dir/__/__/Drivers/STM32F1xx_HAL_Driver/Src/stm32f1xx_hal_tim_ex.c.obj
LOAD cmake/stm32cubemx/CMakeFiles/STM32_Drivers.dir/__/__/Drivers/STM32F1xx_HAL_Driver/Src/stm32f1xx_hal.c.obj
LOAD cmake/stm32cubemx/CMakeFiles/STM32_Drivers.dir/__/__/Drivers/STM32F1xx_HAL_Driver/Src/stm32f1xx_hal_rcc.c.obj
LOAD cmake/stm32cubemx/CMakeFiles/STM32_Drivers.dir/__/__/Drivers/STM32F1xx_HAL_Driver/Src/stm32f1xx_hal_rcc_ex.c.obj
LOAD cmake/stm32cubemx/CMakeFiles/STM32_Drivers.dir/__/__/Drivers/STM32F1xx_HAL_Driver/Src/stm32f1xx_hal_gpio.c.obj
LOAD cmake/stm32cubemx/CMakeFiles/STM32_Drivers.dir/__/__/Drivers/STM32F1xx_HAL_Driver/Src/stm32f1xx_hal_i2c.c.obj
LOAD cmake/stm32cubemx/CMakeFiles/STM32_Drivers.dir/__/__/Drivers/STM32F1xx_HAL_Driver/Src/stm32f1xx_hal_dma.c.obj
LOAD cmake/stm32cubemx/CMakeFiles/STM32_Drivers.dir/__/__/Drivers/STM32F1xx_HAL_Driver/Src/stm32f1xx_hal_cortex.c.obj
LOAD cmake/stm32cubemx/CMakeFiles/STM32_Drivers.dir/__/__/Drivers/STM32F1xx_HAL_Driver/Src/stm32f1xx_hal_pwr.c.obj
LOAD cmake/stm32cubemx/CMakeFiles/STM32_Drivers.dir/__/__/Drivers/STM32F1xx_HAL_Driver/Src/stm32f1xx_hal_flash.c.obj
LOAD cmake/stm32cubemx/CMakeFiles/STM32_Drivers.dir/__/__/Drivers/STM32F1xx_HAL_Driver/Src/stm32f1xx_hal_flash_ex.c.obj
LOAD cmake/stm32cubemx/CMakeFiles/STM32_Drivers.dir/__/__/Drivers/STM32F1xx_HAL_Driver/Src/stm32f1xx_hal_exti.c.obj
LOAD cmake/stm32cubemx/CMakeFiles/STM32_Drivers.dir/__/__/Drivers/STM32F1xx_HAL_Driver/Src/stm32f1xx_hal_uart.c.obj
LOAD CMakeFiles/HtiCar.dir/Core/Src/main.c.obj
LOAD CMakeFiles/HtiCar.dir/Core/Src/gpio.c.obj
LOAD CMakeFiles/HtiCar.dir/Core/Src/i2c.c.obj
LOAD CMakeFiles/HtiCar.dir/Core/Src/tim.c.obj
LOAD CMakeFiles/HtiCar.dir/Core/Src/usart.c.obj
LOAD CMakeFiles/HtiCar.dir/Core/Src/stm32f1xx_it.c.obj
LOAD CMakeFiles/HtiCar.dir/Core/Src/stm32f1xx_hal_msp.c.obj
LOAD CMakeFiles/HtiCar.dir/Core/Src/sysmem.c.obj
LOAD CMakeFiles/HtiCar.dir/Core/Src/syscalls.c.obj
LOAD CMakeFiles/HtiCar.dir/startup_stm32f103xb.s.obj
LOAD CMakeFiles/HtiCar.dir/Actuators/Src/zdt_stepper.c.obj
LOAD CMakeFiles/HtiCar.dir/App/Src/app_main.c.obj
LOAD CMakeFiles/HtiCar.dir/BSP/Src/bsp_debug_uart.c.obj
LOAD CMakeFiles/HtiCar.dir/BSP/Src/bsp_encoder.c.obj
LOAD CMakeFiles/HtiCar.dir/BSP/Src/bsp_gyro_uart.c.obj
LOAD CMakeFiles/HtiCar.dir/BSP/Src/bsp_i2c.c.obj
LOAD CMakeFiles/HtiCar.dir/BSP/Src/bsp_i2c_callbacks.c.obj
LOAD CMakeFiles/HtiCar.dir/BSP/Src/bsp_line_uart.c.obj
LOAD CMakeFiles/HtiCar.dir/BSP/Src/bsp_led.c.obj
LOAD CMakeFiles/HtiCar.dir/BSP/Src/bsp_motor.c.obj
LOAD CMakeFiles/HtiCar.dir/BSP/Src/bsp_stepper_uart.c.obj
LOAD CMakeFiles/HtiCar.dir/BSP/Src/bsp_uart_callbacks.c.obj
LOAD CMakeFiles/HtiCar.dir/Control/Src/angle_profile.c.obj
LOAD CMakeFiles/HtiCar.dir/Control/Src/arc_profile.c.obj
LOAD CMakeFiles/HtiCar.dir/Control/Src/chassis_kinematics.c.obj
LOAD CMakeFiles/HtiCar.dir/Control/Src/chassis_velocity.c.obj
LOAD CMakeFiles/HtiCar.dir/Control/Src/distance_profile.c.obj
LOAD CMakeFiles/HtiCar.dir/Control/Src/heading_estimator.c.obj
LOAD CMakeFiles/HtiCar.dir/Control/Src/heading_controller.c.obj
LOAD CMakeFiles/HtiCar.dir/Control/Src/line_follower.c.obj
LOAD CMakeFiles/HtiCar.dir/Control/Src/wheel_speed.c.obj
LOAD CMakeFiles/HtiCar.dir/Control/Src/wheel_speed_pi.c.obj
LOAD CMakeFiles/HtiCar.dir/Sensors/Src/cyz_sensor.c.obj
LOAD CMakeFiles/HtiCar.dir/Sensors/Src/line_sensor.c.obj
START GROUP
LOAD C:/Program Files (x86)/Arm GNU Toolchain arm-none-eabi/14.2 rel1/bin/../lib/gcc/arm-none-eabi/14.2.1/thumb/v7-m/nofp\libgcc.a
LOAD C:/Program Files (x86)/Arm GNU Toolchain arm-none-eabi/14.2 rel1/bin/../lib/gcc/arm-none-eabi/14.2.1/thumb/v7-m/nofp\libg_nano.a
LOAD C:/Program Files (x86)/Arm GNU Toolchain arm-none-eabi/14.2 rel1/bin/../lib/gcc/arm-none-eabi/14.2.1/thumb/v7-m/nofp\libc_nano.a
END GROUP
START GROUP
LOAD C:/Program Files (x86)/Arm GNU Toolchain arm-none-eabi/14.2 rel1/bin/../lib/gcc/arm-none-eabi/14.2.1/thumb/v7-m/nofp\libgcc.a
LOAD C:/Program Files (x86)/Arm GNU Toolchain arm-none-eabi/14.2 rel1/bin/../lib/gcc/arm-none-eabi/14.2.1/thumb/v7-m/nofp\libc_nano.a
END GROUP
LOAD C:/Program Files (x86)/Arm GNU Toolchain arm-none-eabi/14.2 rel1/bin/../lib/gcc/arm-none-eabi/14.2.1/thumb/v7-m/nofp/crtend.o
LOAD C:/Program Files (x86)/Arm GNU Toolchain arm-none-eabi/14.2 rel1/bin/../lib/gcc/arm-none-eabi/14.2.1/thumb/v7-m/nofp/crtn.o
                0x20005000                        _estack = (ORIGIN (RAM) + LENGTH (RAM))
                0x00000200                        _Min_Heap_Size = 0x200
                0x00000400                        _Min_Stack_Size = 0x400

.isr_vector     0x08000000      0x10c
                0x08000000                        . = ALIGN (0x4)
 *(.isr_vector)
 .isr_vector    0x08000000      0x10c CMakeFiles/HtiCar.dir/startup_stm32f103xb.s.obj
                0x08000000                g_pfnVectors
                0x0800010c                        . = ALIGN (0x4)

.text           0x08000110     0xae68
                0x08000110                        . = ALIGN (0x4)
 *(.text)
 .text          0x08000110      0x168 C:/Program Files (x86)/Arm GNU Toolchain arm-none-eabi/14.2 rel1/bin/../lib/gcc/arm-none-eabi/14.2.1/thumb/v7-m/nofp\libgcc.a(_arm_mulsf3.o)
                0x08000110                __aeabi_fmul
                0x08000110                __mulsf3
 .text          0x08000278      0x21c C:/Program Files (x86)/Arm GNU Toolchain arm-none-eabi/14.2 rel1/bin/../lib/gcc/arm-none-eabi/14.2.1/thumb/v7-m/nofp\libgcc.a(_arm_addsubsf3.o)
                0x08000278                __aeabi_frsub
                0x08000280                __subsf3
                0x08000280                __aeabi_fsub
                0x08000284                __aeabi_fadd
                0x08000284                __addsf3
                0x080003e4                __aeabi_ui2f
                0x080003e4                __floatunsisf
                0x080003ec                __aeabi_i2f
                0x080003ec                __floatsisf
                0x08000408                __aeabi_ul2f
                0x08000408                __floatundisf
                0x08000418                __aeabi_l2f
                0x08000418                __floatdisf
 .text          0x08000494       0xec C:/Program Files (x86)/Arm GNU Toolchain arm-none-eabi/14.2 rel1/bin/../lib/gcc/arm-none-eabi/14.2.1/thumb/v7-m/nofp\libgcc.a(_arm_cmpsf2.o)
                0x08000494                __gesf2
                0x08000494                __gtsf2
                0x0800049c                __lesf2
                0x0800049c                __ltsf2
                0x080004a4                __nesf2
                0x080004a4                __eqsf2
                0x080004a4                __cmpsf2
                0x08000504                __aeabi_cfrcmple
                0x0800050c                __aeabi_cfcmpeq
                0x0800050c                __aeabi_cfcmple
                0x0800051c                __aeabi_fcmpeq
                0x08000530                __aeabi_fcmplt
                0x08000544                __aeabi_fcmple
                0x08000558                __aeabi_fcmpge
                0x0800056c                __aeabi_fcmpgt
 .text          0x08000580       0x4c C:/Program Files (x86)/Arm GNU Toolchain arm-none-eabi/14.2 rel1/bin/../lib/gcc/arm-none-eabi/14.2.1/thumb/v7-m/nofp\libgcc.a(_arm_fixsfsi.o)
                0x08000580                __aeabi_f2iz
                0x08000580                __fixsfsi
 .text          0x080005cc       0xa0 C:/Program Files (x86)/Arm GNU Toolchain arm-none-eabi/14.2 rel1/bin/../lib/gcc/arm-none-eabi/14.2.1/thumb/v7-m/nofp\libgcc.a(_aeabi_ldivmod.o)
                0x080005cc                __aeabi_ldivmod
 .text          0x0800066c        0x4 C:/Program Files (x86)/Arm GNU Toolchain arm-none-eabi/14.2 rel1/bin/../lib/gcc/arm-none-eabi/14.2.1/thumb/v7-m/nofp\libgcc.a(_dvmd_tls.o)
                0x0800066c                __aeabi_idiv0
                0x0800066c                __aeabi_ldiv0
 *(.text*)
 .text.deregister_tm_clones
                0x08000670       0x1c C:/Program Files (x86)/Arm GNU Toolchain arm-none-eabi/14.2 rel1/bin/../lib/gcc/arm-none-eabi/14.2.1/thumb/v7-m/nofp/crtbegin.o
 .text.register_tm_clones
                0x0800068c       0x24 C:/Program Files (x86)/Arm GNU Toolchain arm-none-eabi/14.2 rel1/bin/../lib/gcc/arm-none-eabi/14.2.1/thumb/v7-m/nofp/crtbegin.o
 .text.__do_global_dtors_aux
                0x080006b0       0x28 C:/Program Files (x86)/Arm GNU Toolchain arm-none-eabi/14.2 rel1/bin/../lib/gcc/arm-none-eabi/14.2.1/thumb/v7-m/nofp/crtbegin.o
 .text.frame_dummy
                0x080006d8       0x24 C:/Program Files (x86)/Arm GNU Toolchain arm-none-eabi/14.2 rel1/bin/../lib/gcc/arm-none-eabi/14.2.1/thumb/v7-m/nofp/crtbegin.o
 .text.memset   0x080006fc       0x10 C:/Program Files (x86)/Arm GNU Toolchain arm-none-eabi/14.2 rel1/bin/../lib/gcc/arm-none-eabi/14.2.1/thumb/v7-m/nofp\libc_nano.a(libc_a-memset.o)
                0x080006fc                memset
 .text.__libc_init_array
                0x0800070c       0x48 C:/Program Files (x86)/Arm GNU Toolchain arm-none-eabi/14.2 rel1/bin/../lib/gcc/arm-none-eabi/14.2.1/thumb/v7-m/nofp\libc_nano.a(libc_a-init.o)
                0x0800070c                __libc_init_array
 .text.SystemInit
                0x08000754        0xc cmake/stm32cubemx/CMakeFiles/STM32_Drivers.dir/__/__/Core/Src/system_stm32f1xx.c.obj
                0x08000754                SystemInit
 .text.HAL_TIM_Base_Init
                0x08000760       0x9e cmake/stm32cubemx/CMakeFiles/STM32_Drivers.dir/__/__/Drivers/STM32F1xx_HAL_Driver/Src/stm32f1xx_hal_tim.c.obj
                0x08000760                HAL_TIM_Base_Init
 .text.HAL_TIM_PWM_Init
                0x080007fe       0x9e cmake/stm32cubemx/CMakeFiles/STM32_Drivers.dir/__/__/Drivers/STM32F1xx_HAL_Driver/Src/stm32f1xx_hal_tim.c.obj
                0x080007fe                HAL_TIM_PWM_Init
 .text.HAL_TIM_PWM_MspInit
                0x0800089c       0x12 cmake/stm32cubemx/CMakeFiles/STM32_Drivers.dir/__/__/Drivers/STM32F1xx_HAL_Driver/Src/stm32f1xx_hal_tim.c.obj
                0x0800089c                HAL_TIM_PWM_MspInit
 *fill*         0x080008ae        0x2 
 .text.HAL_TIM_PWM_Start
                0x080008b0      0x144 cmake/stm32cubemx/CMakeFiles/STM32_Drivers.dir/__/__/Drivers/STM32F1xx_HAL_Driver/Src/stm32f1xx_hal_tim.c.obj
                0x080008b0                HAL_TIM_PWM_Start
 .text.HAL_TIM_PWM_Stop
                0x080009f4       0xc8 cmake/stm32cubemx/CMakeFiles/STM32_Drivers.dir/__/__/Drivers/STM32F1xx_HAL_Driver/Src/stm32f1xx_hal_tim.c.obj
                0x080009f4                HAL_TIM_PWM_Stop
 .text.HAL_TIM_Encoder_Init
                0x08000abc      0x144 cmake/stm32cubemx/CMakeFiles/STM32_Drivers.dir/__/__/Drivers/STM32F1xx_HAL_Driver/Src/stm32f1xx_hal_tim.c.obj
                0x08000abc                HAL_TIM_Encoder_Init
 .text.HAL_TIM_Encoder_Start
                0x08000c00      0x11c cmake/stm32cubemx/CMakeFiles/STM32_Drivers.dir/__/__/Drivers/STM32F1xx_HAL_Driver/Src/stm32f1xx_hal_tim.c.obj
                0x08000c00                HAL_TIM_Encoder_Start
 .text.HAL_TIM_Encoder_Stop
                0x08000d1c      0x12e cmake/stm32cubemx/CMakeFiles/STM32_Drivers.dir/__/__/Drivers/STM32F1xx_HAL_Driver/Src/stm32f1xx_hal_tim.c.obj
                0x08000d1c                HAL_TIM_Encoder_Stop
 *fill*         0x08000e4a        0x2 
 .text.HAL_TIM_PWM_ConfigChannel
                0x08000e4c      0x184 cmake/stm32cubemx/CMakeFiles/STM32_Drivers.dir/__/__/Drivers/STM32F1xx_HAL_Driver/Src/stm32f1xx_hal_tim.c.obj
                0x08000e4c                HAL_TIM_PWM_ConfigChannel
 .text.HAL_TIM_ConfigClockSource
                0x08000fd0      0x18e cmake/stm32cubemx/CMakeFiles/STM32_Drivers.dir/__/__/Drivers/STM32F1xx_HAL_Driver/Src/stm32f1xx_hal_tim.c.obj
                0x08000fd0                HAL_TIM_ConfigClockSource
 *fill*         0x0800115e        0x2 
 .text.TIM_Base_SetConfig
                0x08001160       0xdc cmake/stm32cubemx/CMakeFiles/STM32_Drivers.dir/__/__/Drivers/STM32F1xx_HAL_Driver/Src/stm32f1xx_hal_tim.c.obj
                0x08001160                TIM_Base_SetConfig
 .text.TIM_OC1_SetConfig
                0x0800123c       0xcc cmake/stm32cubemx/CMakeFiles/STM32_Drivers.dir/__/__/Drivers/STM32F1xx_HAL_Driver/Src/stm32f1xx_hal_tim.c.obj
 .text.TIM_OC2_SetConfig
                0x08001308       0xd4 cmake/stm32cubemx/CMakeFiles/STM32_Drivers.dir/__/__/Drivers/STM32F1xx_HAL_Driver/Src/stm32f1xx_hal_tim.c.obj
                0x08001308                TIM_OC2_SetConfig
 .text.TIM_OC3_SetConfig
                0x080013dc       0xd4 cmake/stm32cubemx/CMakeFiles/STM32_Drivers.dir/__/__/Drivers/STM32F1xx_HAL_Driver/Src/stm32f1xx_hal_tim.c.obj
 .text.TIM_OC4_SetConfig
                0x080014b0       0x9c cmake/stm32cubemx/CMakeFiles/STM32_Drivers.dir/__/__/Drivers/STM32F1xx_HAL_Driver/Src/stm32f1xx_hal_tim.c.obj
 .text.TIM_TI1_ConfigInputStage
                0x0800154c       0x5c cmake/stm32cubemx/CMakeFiles/STM32_Drivers.dir/__/__/Drivers/STM32F1xx_HAL_Driver/Src/stm32f1xx_hal_tim.c.obj
 .text.TIM_TI2_ConfigInputStage
                0x080015a8       0x5e cmake/stm32cubemx/CMakeFiles/STM32_Drivers.dir/__/__/Drivers/STM32F1xx_HAL_Driver/Src/stm32f1xx_hal_tim.c.obj
 .text.TIM_ITRx_SetConfig
                0x08001606       0x34 cmake/stm32cubemx/CMakeFiles/STM32_Drivers.dir/__/__/Drivers/STM32F1xx_HAL_Driver/Src/stm32f1xx_hal_tim.c.obj
 .text.TIM_ETR_SetConfig
                0x0800163a       0x3e cmake/stm32cubemx/CMakeFiles/STM32_Drivers.dir/__/__/Drivers/STM32F1xx_HAL_Driver/Src/stm32f1xx_hal_tim.c.obj
                0x0800163a                TIM_ETR_SetConfig
 .text.TIM_CCxChannelCmd
                0x08001678       0x48 cmake/stm32cubemx/CMakeFiles/STM32_Drivers.dir/__/__/Drivers/STM32F1xx_HAL_Driver/Src/stm32f1xx_hal_tim.c.obj
                0x08001678                TIM_CCxChannelCmd
 .text.HAL_TIMEx_MasterConfigSynchronization
                0x080016c0       0xbc cmake/stm32cubemx/CMakeFiles/STM32_Drivers.dir/__/__/Drivers/STM32F1xx_HAL_Driver/Src/stm32f1xx_hal_tim_ex.c.obj
                0x080016c0                HAL_TIMEx_MasterConfigSynchronization
 .text.HAL_Init
                0x0800177c       0x2c cmake/stm32cubemx/CMakeFiles/STM32_Drivers.dir/__/__/Drivers/STM32F1xx_HAL_Driver/Src/stm32f1xx_hal.c.obj
                0x0800177c                HAL_Init
 .text.HAL_InitTick
                0x080017a8       0x60 cmake/stm32cubemx/CMakeFiles/STM32_Drivers.dir/__/__/Drivers/STM32F1xx_HAL_Driver/Src/stm32f1xx_hal.c.obj
                0x080017a8                HAL_InitTick
 .text.HAL_IncTick
                0x08001808       0x24 cmake/stm32cubemx/CMakeFiles/STM32_Drivers.dir/__/__/Drivers/STM32F1xx_HAL_Driver/Src/stm32f1xx_hal.c.obj
                0x08001808                HAL_IncTick
 .text.HAL_GetTick
                0x0800182c       0x14 cmake/stm32cubemx/CMakeFiles/STM32_Drivers.dir/__/__/Drivers/STM32F1xx_HAL_Driver/Src/stm32f1xx_hal.c.obj
                0x0800182c                HAL_GetTick
 .text.HAL_RCC_OscConfig
                0x08001840      0x504 cmake/stm32cubemx/CMakeFiles/STM32_Drivers.dir/__/__/Drivers/STM32F1xx_HAL_Driver/Src/stm32f1xx_hal_rcc.c.obj
                0x08001840                HAL_RCC_OscConfig
 .text.HAL_RCC_ClockConfig
                0x08001d44      0x1d4 cmake/stm32cubemx/CMakeFiles/STM32_Drivers.dir/__/__/Drivers/STM32F1xx_HAL_Driver/Src/stm32f1xx_hal_rcc.c.obj
                0x08001d44                HAL_RCC_ClockConfig
 .text.HAL_RCC_GetSysClockFreq
                0x08001f18       0xa8 cmake/stm32cubemx/CMakeFiles/STM32_Drivers.dir/__/__/Drivers/STM32F1xx_HAL_Driver/Src/stm32f1xx_hal_rcc.c.obj
                0x08001f18                HAL_RCC_GetSysClockFreq
 .text.HAL_RCC_GetHCLKFreq
                0x08001fc0       0x14 cmake/stm32cubemx/CMakeFiles/STM32_Drivers.dir/__/__/Drivers/STM32F1xx_HAL_Driver/Src/stm32f1xx_hal_rcc.c.obj
                0x08001fc0                HAL_RCC_GetHCLKFreq
 .text.HAL_RCC_GetPCLK1Freq
                0x08001fd4       0x28 cmake/stm32cubemx/CMakeFiles/STM32_Drivers.dir/__/__/Drivers/STM32F1xx_HAL_Driver/Src/stm32f1xx_hal_rcc.c.obj
                0x08001fd4                HAL_RCC_GetPCLK1Freq
 .text.HAL_RCC_GetPCLK2Freq
                0x08001ffc       0x28 cmake/stm32cubemx/CMakeFiles/STM32_Drivers.dir/__/__/Drivers/STM32F1xx_HAL_Driver/Src/stm32f1xx_hal_rcc.c.obj
                0x08001ffc                HAL_RCC_GetPCLK2Freq
 .text.RCC_Delay
                0x08002024       0x3c cmake/stm32cubemx/CMakeFiles/STM32_Drivers.dir/__/__/Drivers/STM32F1xx_HAL_Driver/Src/stm32f1xx_hal_rcc.c.obj
 .text.HAL_GPIO_Init
                0x08002060      0x308 cmake/stm32cubemx/CMakeFiles/STM32_Drivers.dir/__/__/Drivers/STM32F1xx_HAL_Driver/Src/stm32f1xx_hal_gpio.c.obj
                0x08002060                HAL_GPIO_Init
 .text.HAL_GPIO_WritePin
                0x08002368       0x30 cmake/stm32cubemx/CMakeFiles/STM32_Drivers.dir/__/__/Drivers/STM32F1xx_HAL_Driver/Src/stm32f1xx_hal_gpio.c.obj
                0x08002368                HAL_GPIO_WritePin
 .text.HAL_GPIO_TogglePin
                0x08002398       0x32 cmake/stm32cubemx/CMakeFiles/STM32_Drivers.dir/__/__/Drivers/STM32F1xx_HAL_Driver/Src/stm32f1xx_hal_gpio.c.obj
                0x08002398                HAL_GPIO_TogglePin
 *fill*         0x080023ca        0x2 
 .text.HAL_I2C_Init
                0x080023cc      0x288 cmake/stm32cubemx/CMakeFiles/STM32_Drivers.dir/__/__/Drivers/STM32F1xx_HAL_Driver/Src/stm32f1xx_hal_i2c.c.obj
                0x080023cc                HAL_I2C_Init
 .text.I2C_Flush_DR
                0x08002654       0x28 cmake/stm32cubemx/CMakeFiles/STM32_Drivers.dir/__/__/Drivers/STM32F1xx_HAL_Driver/Src/stm32f1xx_hal_i2c.c.obj
 .text.HAL_I2C_Mem_Read_IT
                0x0800267c      0x170 cmake/stm32cubemx/CMakeFiles/STM32_Drivers.dir/__/__/Drivers/STM32F1xx_HAL_Driver/Src/stm32f1xx_hal_i2c.c.obj
                0x0800267c                HAL_I2C_Mem_Read_IT
 .text.HAL_I2C_EV_IRQHandler
                0x080027ec      0x2e2 cmake/stm32cubemx/CMakeFiles/STM32_Drivers.dir/__/__/Drivers/STM32F1xx_HAL_Driver/Src/stm32f1xx_hal_i2c.c.obj
                0x080027ec                HAL_I2C_EV_IRQHandler
 .text.HAL_I2C_ER_IRQHandler
                0x08002ace      0x15e cmake/stm32cubemx/CMakeFiles/STM32_Drivers.dir/__/__/Drivers/STM32F1xx_HAL_Driver/Src/stm32f1xx_hal_i2c.c.obj
                0x08002ace                HAL_I2C_ER_IRQHandler
 .text.HAL_I2C_MasterTxCpltCallback
                0x08002c2c       0x12 cmake/stm32cubemx/CMakeFiles/STM32_Drivers.dir/__/__/Drivers/STM32F1xx_HAL_Driver/Src/stm32f1xx_hal_i2c.c.obj
                0x08002c2c                HAL_I2C_MasterTxCpltCallback
 .text.HAL_I2C_MasterRxCpltCallback
                0x08002c3e       0x12 cmake/stm32cubemx/CMakeFiles/STM32_Drivers.dir/__/__/Drivers/STM32F1xx_HAL_Driver/Src/stm32f1xx_hal_i2c.c.obj
                0x08002c3e                HAL_I2C_MasterRxCpltCallback
 .text.HAL_I2C_SlaveTxCpltCallback
                0x08002c50       0x12 cmake/stm32cubemx/CMakeFiles/STM32_Drivers.dir/__/__/Drivers/STM32F1xx_HAL_Driver/Src/stm32f1xx_hal_i2c.c.obj
                0x08002c50                HAL_I2C_SlaveTxCpltCallback
 .text.HAL_I2C_SlaveRxCpltCallback
                0x08002c62       0x12 cmake/stm32cubemx/CMakeFiles/STM32_Drivers.dir/__/__/Drivers/STM32F1xx_HAL_Driver/Src/stm32f1xx_hal_i2c.c.obj
                0x08002c62                HAL_I2C_SlaveRxCpltCallback
 .text.HAL_I2C_AddrCallback
                0x08002c74       0x1a cmake/stm32cubemx/CMakeFiles/STM32_Drivers.dir/__/__/Drivers/STM32F1xx_HAL_Driver/Src/stm32f1xx_hal_i2c.c.obj
                0x08002c74                HAL_I2C_AddrCallback
 .text.HAL_I2C_ListenCpltCallback
                0x08002c8e       0x12 cmake/stm32cubemx/CMakeFiles/STM32_Drivers.dir/__/__/Drivers/STM32F1xx_HAL_Driver/Src/stm32f1xx_hal_i2c.c.obj
                0x08002c8e                HAL_I2C_ListenCpltCallback
 .text.HAL_I2C_MemTxCpltCallback
                0x08002ca0       0x12 cmake/stm32cubemx/CMakeFiles/STM32_Drivers.dir/__/__/Drivers/STM32F1xx_HAL_Driver/Src/stm32f1xx_hal_i2c.c.obj
                0x08002ca0                HAL_I2C_MemTxCpltCallback
 .text.HAL_I2C_AbortCpltCallback
                0x08002cb2       0x12 cmake/stm32cubemx/CMakeFiles/STM32_Drivers.dir/__/__/Drivers/STM32F1xx_HAL_Driver/Src/stm32f1xx_hal_i2c.c.obj
                0x08002cb2                HAL_I2C_AbortCpltCallback
 .text.I2C_MasterTransmit_TXE
                0x08002cc4      0x138 cmake/stm32cubemx/CMakeFiles/STM32_Drivers.dir/__/__/Drivers/STM32F1xx_HAL_Driver/Src/stm32f1xx_hal_i2c.c.obj
 .text.I2C_MasterTransmit_BTF
                0x08002dfc       0xec cmake/stm32cubemx/CMakeFiles/STM32_Drivers.dir/__/__/Drivers/STM32F1xx_HAL_Driver/Src/stm32f1xx_hal_i2c.c.obj
 .text.I2C_MemoryTransmit_TXE_BTF
                0x08002ee8      0x130 cmake/stm32cubemx/CMakeFiles/STM32_Drivers.dir/__/__/Drivers/STM32F1xx_HAL_Driver/Src/stm32f1xx_hal_i2c.c.obj
 .text.I2C_MasterReceive_RXNE
                0x08003018      0x190 cmake/stm32cubemx/CMakeFiles/STM32_Drivers.dir/__/__/Drivers/STM32F1xx_HAL_Driver/Src/stm32f1xx_hal_i2c.c.obj
 .text.I2C_MasterReceive_BTF
                0x080031a8      0x1e2 cmake/stm32cubemx/CMakeFiles/STM32_Drivers.dir/__/__/Drivers/STM32F1xx_HAL_Driver/Src/stm32f1xx_hal_i2c.c.obj
 .text.I2C_Master_SB
                0x0800338a      0x10a cmake/stm32cubemx/CMakeFiles/STM32_Drivers.dir/__/__/Drivers/STM32F1xx_HAL_Driver/Src/stm32f1xx_hal_i2c.c.obj
 .text.I2C_Master_ADD10
                0x08003494       0x52 cmake/stm32cubemx/CMakeFiles/STM32_Drivers.dir/__/__/Drivers/STM32F1xx_HAL_Driver/Src/stm32f1xx_hal_i2c.c.obj
 .text.I2C_Master_ADDR
                0x080034e6      0x336 cmake/stm32cubemx/CMakeFiles/STM32_Drivers.dir/__/__/Drivers/STM32F1xx_HAL_Driver/Src/stm32f1xx_hal_i2c.c.obj
 .text.I2C_SlaveTransmit_TXE
                0x0800381c       0x7a cmake/stm32cubemx/CMakeFiles/STM32_Drivers.dir/__/__/Drivers/STM32F1xx_HAL_Driver/Src/stm32f1xx_hal_i2c.c.obj
 .text.I2C_SlaveTransmit_BTF
                0x08003896       0x40 cmake/stm32cubemx/CMakeFiles/STM32_Drivers.dir/__/__/Drivers/STM32F1xx_HAL_Driver/Src/stm32f1xx_hal_i2c.c.obj
 .text.I2C_SlaveReceive_RXNE
                0x080038d6       0x7c cmake/stm32cubemx/CMakeFiles/STM32_Drivers.dir/__/__/Drivers/STM32F1xx_HAL_Driver/Src/stm32f1xx_hal_i2c.c.obj
 .text.I2C_SlaveReceive_BTF
                0x08003952       0x42 cmake/stm32cubemx/CMakeFiles/STM32_Drivers.dir/__/__/Drivers/STM32F1xx_HAL_Driver/Src/stm32f1xx_hal_i2c.c.obj
 .text.I2C_Slave_ADDR
                0x08003994       0x94 cmake/stm32cubemx/CMakeFiles/STM32_Drivers.dir/__/__/Drivers/STM32F1xx_HAL_Driver/Src/stm32f1xx_hal_i2c.c.obj
 .text.I2C_Slave_STOPF
                0x08003a28      0x260 cmake/stm32cubemx/CMakeFiles/STM32_Drivers.dir/__/__/Drivers/STM32F1xx_HAL_Driver/Src/stm32f1xx_hal_i2c.c.obj
 .text.I2C_Slave_AF
                0x08003c88       0xe8 cmake/stm32cubemx/CMakeFiles/STM32_Drivers.dir/__/__/Drivers/STM32F1xx_HAL_Driver/Src/stm32f1xx_hal_i2c.c.obj
 .text.I2C_ITError
                0x08003d70      0x264 cmake/stm32cubemx/CMakeFiles/STM32_Drivers.dir/__/__/Drivers/STM32F1xx_HAL_Driver/Src/stm32f1xx_hal_i2c.c.obj
 .text.I2C_DMAAbort
                0x08003fd4      0x150 cmake/stm32cubemx/CMakeFiles/STM32_Drivers.dir/__/__/Drivers/STM32F1xx_HAL_Driver/Src/stm32f1xx_hal_i2c.c.obj
 .text.I2C_WaitOnSTOPRequestThroughIT
                0x08004124       0x64 cmake/stm32cubemx/CMakeFiles/STM32_Drivers.dir/__/__/Drivers/STM32F1xx_HAL_Driver/Src/stm32f1xx_hal_i2c.c.obj
 .text.I2C_ConvertOtherXferOptions
                0x08004188       0x34 cmake/stm32cubemx/CMakeFiles/STM32_Drivers.dir/__/__/Drivers/STM32F1xx_HAL_Driver/Src/stm32f1xx_hal_i2c.c.obj
 .text.HAL_DMA_Abort
                0x080041bc       0x76 cmake/stm32cubemx/CMakeFiles/STM32_Drivers.dir/__/__/Drivers/STM32F1xx_HAL_Driver/Src/stm32f1xx_hal_dma.c.obj
                0x080041bc                HAL_DMA_Abort
 *fill*         0x08004232        0x2 
 .text.HAL_DMA_Abort_IT
                0x08004234       0xf0 cmake/stm32cubemx/CMakeFiles/STM32_Drivers.dir/__/__/Drivers/STM32F1xx_HAL_Driver/Src/stm32f1xx_hal_dma.c.obj
                0x08004234                HAL_DMA_Abort_IT
 .text.HAL_DMA_GetState
                0x08004324       0x1a cmake/stm32cubemx/CMakeFiles/STM32_Drivers.dir/__/__/Drivers/STM32F1xx_HAL_Driver/Src/stm32f1xx_hal_dma.c.obj
                0x08004324                HAL_DMA_GetState
 *fill*         0x0800433e        0x2 
 .text.__NVIC_SetPriorityGrouping
                0x08004340       0x48 cmake/stm32cubemx/CMakeFiles/STM32_Drivers.dir/__/__/Drivers/STM32F1xx_HAL_Driver/Src/stm32f1xx_hal_cortex.c.obj
 .text.__NVIC_GetPriorityGrouping
                0x08004388       0x1c cmake/stm32cubemx/CMakeFiles/STM32_Drivers.dir/__/__/Drivers/STM32F1xx_HAL_Driver/Src/stm32f1xx_hal_cortex.c.obj
 .text.__NVIC_EnableIRQ
                0x080043a4       0x38 cmake/stm32cubemx/CMakeFiles/STM32_Drivers.dir/__/__/Drivers/STM32F1xx_HAL_Driver/Src/stm32f1xx_hal_cortex.c.obj
 .text.__NVIC_SetPriority
                0x080043dc       0x54 cmake/stm32cubemx/CMakeFiles/STM32_Drivers.dir/__/__/Drivers/STM32F1xx_HAL_Driver/Src/stm32f1xx_hal_cortex.c.obj
 .text.NVIC_EncodePriority
                0x08004430       0x64 cmake/stm32cubemx/CMakeFiles/STM32_Drivers.dir/__/__/Drivers/STM32F1xx_HAL_Driver/Src/stm32f1xx_hal_cortex.c.obj
 .text.SysTick_Config
                0x08004494       0x44 cmake/stm32cubemx/CMakeFiles/STM32_Drivers.dir/__/__/Drivers/STM32F1xx_HAL_Driver/Src/stm32f1xx_hal_cortex.c.obj
 .text.HAL_NVIC_SetPriorityGrouping
                0x080044d8       0x16 cmake/stm32cubemx/CMakeFiles/STM32_Drivers.dir/__/__/Drivers/STM32F1xx_HAL_Driver/Src/stm32f1xx_hal_cortex.c.obj
                0x080044d8                HAL_NVIC_SetPriorityGrouping
 .text.HAL_NVIC_SetPriority
                0x080044ee       0x38 cmake/stm32cubemx/CMakeFiles/STM32_Drivers.dir/__/__/Drivers/STM32F1xx_HAL_Driver/Src/stm32f1xx_hal_cortex.c.obj
                0x080044ee                HAL_NVIC_SetPriority
 .text.HAL_NVIC_EnableIRQ
                0x08004526       0x1c cmake/stm32cubemx/CMakeFiles/STM32_Drivers.dir/__/__/Drivers/STM32F1xx_HAL_Driver/Src/stm32f1xx_hal_cortex.c.obj
                0x08004526                HAL_NVIC_EnableIRQ
 .text.HAL_SYSTICK_Config
                0x08004542       0x18 cmake/stm32cubemx/CMakeFiles/STM32_Drivers.dir/__/__/Drivers/STM32F1xx_HAL_Driver/Src/stm32f1xx_hal_cortex.c.obj
                0x08004542                HAL_SYSTICK_Config
 .text.HAL_UART_Init
                0x0800455a       0xa0 cmake/stm32cubemx/CMakeFiles/STM32_Drivers.dir/__/__/Drivers/STM32F1xx_HAL_Driver/Src/stm32f1xx_hal_uart.c.obj
                0x0800455a                HAL_UART_Init
 .text.HAL_UART_Receive_IT
                0x080045fa       0x4a cmake/stm32cubemx/CMakeFiles/STM32_Drivers.dir/__/__/Drivers/STM32F1xx_HAL_Driver/Src/stm32f1xx_hal_uart.c.obj
                0x080045fa                HAL_UART_Receive_IT
 .text.HAL_UART_IRQHandler
                0x08004644      0x524 cmake/stm32cubemx/CMakeFiles/STM32_Drivers.dir/__/__/Drivers/STM32F1xx_HAL_Driver/Src/stm32f1xx_hal_uart.c.obj
                0x08004644                HAL_UART_IRQHandler
 .text.HAL_UARTEx_RxEventCallback
                0x08004b68       0x16 cmake/stm32cubemx/CMakeFiles/STM32_Drivers.dir/__/__/Drivers/STM32F1xx_HAL_Driver/Src/stm32f1xx_hal_uart.c.obj
                0x08004b68                HAL_UARTEx_RxEventCallback
 .text.UART_Start_Receive_IT
                0x08004b7e       0x72 cmake/stm32cubemx/CMakeFiles/STM32_Drivers.dir/__/__/Drivers/STM32F1xx_HAL_Driver/Src/stm32f1xx_hal_uart.c.obj
                0x08004b7e                UART_Start_Receive_IT
 .text.UART_EndRxTransfer
                0x08004bf0       0xc4 cmake/stm32cubemx/CMakeFiles/STM32_Drivers.dir/__/__/Drivers/STM32F1xx_HAL_Driver/Src/stm32f1xx_hal_uart.c.obj
 .text.UART_DMAAbortOnError
                0x08004cb4       0x28 cmake/stm32cubemx/CMakeFiles/STM32_Drivers.dir/__/__/Drivers/STM32F1xx_HAL_Driver/Src/stm32f1xx_hal_uart.c.obj
 .text.UART_Transmit_IT
                0x08004cdc       0x9e cmake/stm32cubemx/CMakeFiles/STM32_Drivers.dir/__/__/Drivers/STM32F1xx_HAL_Driver/Src/stm32f1xx_hal_uart.c.obj
 .text.UART_EndTransmit_IT
                0x08004d7a       0x30 cmake/stm32cubemx/CMakeFiles/STM32_Drivers.dir/__/__/Drivers/STM32F1xx_HAL_Driver/Src/stm32f1xx_hal_uart.c.obj
 .text.UART_Receive_IT
                0x08004daa      0x17c cmake/stm32cubemx/CMakeFiles/STM32_Drivers.dir/__/__/Drivers/STM32F1xx_HAL_Driver/Src/stm32f1xx_hal_uart.c.obj
 *fill*         0x08004f26        0x2 
 .text.UART_SetConfig
                0x08004f28      0x11c cmake/stm32cubemx/CMakeFiles/STM32_Drivers.dir/__/__/Drivers/STM32F1xx_HAL_Driver/Src/stm32f1xx_hal_uart.c.obj
 .text.main     0x08005044       0x36 CMakeFiles/HtiCar.dir/Core/Src/main.c.obj
                0x08005044                main
 .text.SystemClock_Config
                0x0800507a       0x8a CMakeFiles/HtiCar.dir/Core/Src/main.c.obj
                0x0800507a                SystemClock_Config
 .text.Error_Handler
                0x08005104       0x28 CMakeFiles/HtiCar.dir/Core/Src/main.c.obj
                0x08005104                Error_Handler
 .text.MX_GPIO_Init
                0x0800512c       0xdc CMakeFiles/HtiCar.dir/Core/Src/gpio.c.obj
                0x0800512c                MX_GPIO_Init
 .text.MX_I2C1_Init
                0x08005208       0x5c CMakeFiles/HtiCar.dir/Core/Src/i2c.c.obj
                0x08005208                MX_I2C1_Init
 .text.HAL_I2C_MspInit
                0x08005264       0xdc CMakeFiles/HtiCar.dir/Core/Src/i2c.c.obj
                0x08005264                HAL_I2C_MspInit
 .text.MX_TIM2_Init
                0x08005340       0xa8 CMakeFiles/HtiCar.dir/Core/Src/tim.c.obj
                0x08005340                MX_TIM2_Init
 .text.MX_TIM3_Init
                0x080053e8      0x104 CMakeFiles/HtiCar.dir/Core/Src/tim.c.obj
                0x080053e8                MX_TIM3_Init
 .text.MX_TIM4_Init
                0x080054ec       0xa8 CMakeFiles/HtiCar.dir/Core/Src/tim.c.obj
                0x080054ec                MX_TIM4_Init
 .text.HAL_TIM_Encoder_MspInit
                0x08005594      0x130 CMakeFiles/HtiCar.dir/Core/Src/tim.c.obj
                0x08005594                HAL_TIM_Encoder_MspInit
 .text.HAL_TIM_Base_MspInit
                0x080056c4       0x3c CMakeFiles/HtiCar.dir/Core/Src/tim.c.obj
                0x080056c4                HAL_TIM_Base_MspInit
 .text.HAL_TIM_MspPostInit
                0x08005700       0x8c CMakeFiles/HtiCar.dir/Core/Src/tim.c.obj
                0x08005700                HAL_TIM_MspPostInit
 .text.MX_USART1_UART_Init
                0x0800578c       0x54 CMakeFiles/HtiCar.dir/Core/Src/usart.c.obj
                0x0800578c                MX_USART1_UART_Init
 .text.MX_USART2_UART_Init
                0x080057e0       0x54 CMakeFiles/HtiCar.dir/Core/Src/usart.c.obj
                0x080057e0                MX_USART2_UART_Init
 .text.MX_USART3_UART_Init
                0x08005834       0x54 CMakeFiles/HtiCar.dir/Core/Src/usart.c.obj
                0x08005834                MX_USART3_UART_Init
 .text.HAL_UART_MspInit
                0x08005888      0x1b0 CMakeFiles/HtiCar.dir/Core/Src/usart.c.obj
                0x08005888                HAL_UART_MspInit
 .text.NMI_Handler
                0x08005a38        0x8 CMakeFiles/HtiCar.dir/Core/Src/stm32f1xx_it.c.obj
                0x08005a38                NMI_Handler
 .text.HardFault_Handler
                0x08005a40        0x8 CMakeFiles/HtiCar.dir/Core/Src/stm32f1xx_it.c.obj
                0x08005a40                HardFault_Handler
 .text.MemManage_Handler
                0x08005a48        0x8 CMakeFiles/HtiCar.dir/Core/Src/stm32f1xx_it.c.obj
                0x08005a48                MemManage_Handler
 .text.BusFault_Handler
                0x08005a50        0x8 CMakeFiles/HtiCar.dir/Core/Src/stm32f1xx_it.c.obj
                0x08005a50                BusFault_Handler
 .text.UsageFault_Handler
                0x08005a58        0x8 CMakeFiles/HtiCar.dir/Core/Src/stm32f1xx_it.c.obj
                0x08005a58                UsageFault_Handler
 .text.SVC_Handler
                0x08005a60        0xc CMakeFiles/HtiCar.dir/Core/Src/stm32f1xx_it.c.obj
                0x08005a60                SVC_Handler
 .text.DebugMon_Handler
                0x08005a6c        0xc CMakeFiles/HtiCar.dir/Core/Src/stm32f1xx_it.c.obj
                0x08005a6c                DebugMon_Handler
 .text.PendSV_Handler
                0x08005a78        0xc CMakeFiles/HtiCar.dir/Core/Src/stm32f1xx_it.c.obj
                0x08005a78                PendSV_Handler
 .text.SysTick_Handler
                0x08005a84        0xc CMakeFiles/HtiCar.dir/Core/Src/stm32f1xx_it.c.obj
                0x08005a84                SysTick_Handler
 .text.USART1_IRQHandler
                0x08005a90       0x14 CMakeFiles/HtiCar.dir/Core/Src/stm32f1xx_it.c.obj
                0x08005a90                USART1_IRQHandler
 .text.USART2_IRQHandler
                0x08005aa4       0x14 CMakeFiles/HtiCar.dir/Core/Src/stm32f1xx_it.c.obj
                0x08005aa4                USART2_IRQHandler
 .text.USART3_IRQHandler
                0x08005ab8       0x14 CMakeFiles/HtiCar.dir/Core/Src/stm32f1xx_it.c.obj
                0x08005ab8                USART3_IRQHandler
 .text.I2C1_EV_IRQHandler
                0x08005acc       0x14 CMakeFiles/HtiCar.dir/Core/Src/stm32f1xx_it.c.obj
                0x08005acc                I2C1_EV_IRQHandler
 .text.I2C1_ER_IRQHandler
                0x08005ae0       0x14 CMakeFiles/HtiCar.dir/Core/Src/stm32f1xx_it.c.obj
                0x08005ae0                I2C1_ER_IRQHandler
 .text.HAL_MspInit
                0x08005af4       0xb8 CMakeFiles/HtiCar.dir/Core/Src/stm32f1xx_hal_msp.c.obj
                0x08005af4                HAL_MspInit
 .text.Reset_Handler
                0x08005bac       0x48 CMakeFiles/HtiCar.dir/startup_stm32f103xb.s.obj
                0x08005bac                Reset_Handler
 .text.Default_Handler
                0x08005bf4        0x2 CMakeFiles/HtiCar.dir/startup_stm32f103xb.s.obj
                0x08005bf4                RTC_Alarm_IRQHandler
                0x08005bf4                EXTI2_IRQHandler
                0x08005bf4                TIM1_CC_IRQHandler
                0x08005bf4                PVD_IRQHandler
                0x08005bf4                EXTI3_IRQHandler
                0x08005bf4                EXTI0_IRQHandler
                0x08005bf4                I2C2_EV_IRQHandler
                0x08005bf4                ADC1_2_IRQHandler
                0x08005bf4                SPI1_IRQHandler
                0x08005bf4                TAMPER_IRQHandler
                0x08005bf4                DMA1_Channel4_IRQHandler
                0x08005bf4                RTC_IRQHandler
                0x08005bf4                DMA1_Channel7_IRQHandler
                0x08005bf4                CAN1_RX1_IRQHandler
                0x08005bf4                TIM4_IRQHandler
                0x08005bf4                DMA1_Channel6_IRQHandler
                0x08005bf4                TIM3_IRQHandler
                0x08005bf4                RCC_IRQHandler
                0x08005bf4                TIM1_TRG_COM_IRQHandler
                0x08005bf4                DMA1_Channel1_IRQHandler
                0x08005bf4                Default_Handler
                0x08005bf4                EXTI15_10_IRQHandler
                0x08005bf4                EXTI9_5_IRQHandler
                0x08005bf4                SPI2_IRQHandler
                0x08005bf4                DMA1_Channel5_IRQHandler
                0x08005bf4                EXTI4_IRQHandler
                0x08005bf4                USB_LP_CAN1_RX0_IRQHandler
                0x08005bf4                USB_HP_CAN1_TX_IRQHandler
                0x08005bf4                DMA1_Channel3_IRQHandler
                0x08005bf4                TIM1_UP_IRQHandler
                0x08005bf4                WWDG_IRQHandler
                0x08005bf4                TIM2_IRQHandler
                0x08005bf4                TIM1_BRK_IRQHandler
                0x08005bf4                EXTI1_IRQHandler
                0x08005bf4                I2C2_ER_IRQHandler
                0x08005bf4                DMA1_Channel2_IRQHandler
                0x08005bf4                CAN1_SCE_IRQHandler
                0x08005bf4                FLASH_IRQHandler
                0x08005bf4                USBWakeUp_IRQHandler
 .text.ZDT_ClampInt64ToInt32
                0x08005bf6       0x3e CMakeFiles/HtiCar.dir/Actuators/Src/zdt_stepper.c.obj
 .text.ZDT_ResetParser
                0x08005c34       0x20 CMakeFiles/HtiCar.dir/Actuators/Src/zdt_stepper.c.obj
 .text.ZDT_PublishFrame
                0x08005c54      0x1a8 CMakeFiles/HtiCar.dir/Actuators/Src/zdt_stepper.c.obj
 .text.ZDT_InputByte
                0x08005dfc       0xb0 CMakeFiles/HtiCar.dir/Actuators/Src/zdt_stepper.c.obj
 .text.ZDT_Stepper_Init
                0x08005eac       0xa4 CMakeFiles/HtiCar.dir/Actuators/Src/zdt_stepper.c.obj
                0x08005eac                ZDT_Stepper_Init
 .text.ZDT_Stepper_Process
                0x08005f50       0x28 CMakeFiles/HtiCar.dir/Actuators/Src/zdt_stepper.c.obj
                0x08005f50                ZDT_Stepper_Process
 .text.App_AbsInt32
                0x08005f78       0x1a CMakeFiles/HtiCar.dir/App/Src/app_main.c.obj
 *fill*         0x08005f92        0x2 
 .text.App_LineWrappedAngleDelta
                0x08005f94       0x90 CMakeFiles/HtiCar.dir/App/Src/app_main.c.obj
 .text.App_LineYawStep
                0x08006024       0x56 CMakeFiles/HtiCar.dir/App/Src/app_main.c.obj
 *fill*         0x0800607a        0x2 
 .text.App_LineProfileReset
                0x0800607c       0x48 CMakeFiles/HtiCar.dir/App/Src/app_main.c.obj
 .text.App_LineProfileSetTarget
                0x080060c4      0x154 CMakeFiles/HtiCar.dir/App/Src/app_main.c.obj
 .text.App_LineProfileUpdate
                0x08006218      0x378 CMakeFiles/HtiCar.dir/App/Src/app_main.c.obj
 .text.App_LineProfileIsFinished
                0x08006590       0x20 CMakeFiles/HtiCar.dir/App/Src/app_main.c.obj
 .text.App_LineFollowerUpdate
                0x080065b0       0xc4 CMakeFiles/HtiCar.dir/App/Src/app_main.c.obj
 .text.App_UpdateMotionRange
                0x08006674       0xa4 CMakeFiles/HtiCar.dir/App/Src/app_main.c.obj
 .text.App_UpdateMotionTelemetry
                0x08006718      0x24c CMakeFiles/HtiCar.dir/App/Src/app_main.c.obj
 .text.App_UpdateWheelSpeed
                0x08006964      0x204 CMakeFiles/HtiCar.dir/App/Src/app_main.c.obj
 .text.App_SpeedAlongWheelTarget
                0x08006b68       0x22 CMakeFiles/HtiCar.dir/App/Src/app_main.c.obj
 *fill*         0x08006b8a        0x2 
 .text.App_FinishChassisTest
                0x08006b8c      0x10c CMakeFiles/HtiCar.dir/App/Src/app_main.c.obj
 .text.App_Init
                0x08006c98      0x9c8 CMakeFiles/HtiCar.dir/App/Src/app_main.c.obj
                0x08006c98                App_Init
 .text.App_Run  0x08007660      0x8cc CMakeFiles/HtiCar.dir/App/Src/app_main.c.obj
                0x08007660                App_Run
 .text.BSP_DebugUART_Write
                0x08007f2c       0x12 CMakeFiles/HtiCar.dir/BSP/Src/bsp_debug_uart.c.obj
                0x08007f2c                BSP_DebugUART_Write
 *fill*         0x08007f3e        0x2 
 .text.BSP_Encoder_Init
                0x08007f40       0x44 CMakeFiles/HtiCar.dir/BSP/Src/bsp_encoder.c.obj
                0x08007f40                BSP_Encoder_Init
 .text.BSP_Encoder_Update
                0x08007f84      0x180 CMakeFiles/HtiCar.dir/BSP/Src/bsp_encoder.c.obj
                0x08007f84                BSP_Encoder_Update
 .text.BSP_Encoder_Reset
                0x08008104      0x114 CMakeFiles/HtiCar.dir/BSP/Src/bsp_encoder.c.obj
                0x08008104                BSP_Encoder_Reset
 .text.BSP_Encoder_GetLeftCount
                0x08008218       0x14 CMakeFiles/HtiCar.dir/BSP/Src/bsp_encoder.c.obj
                0x08008218                BSP_Encoder_GetLeftCount
 .text.BSP_Encoder_GetRightCount
                0x0800822c       0x14 CMakeFiles/HtiCar.dir/BSP/Src/bsp_encoder.c.obj
                0x0800822c                BSP_Encoder_GetRightCount
 .text.BSP_GyroUART_ReadByte
                0x08008240       0x60 CMakeFiles/HtiCar.dir/BSP/Src/bsp_gyro_uart.c.obj
                0x08008240                BSP_GyroUART_ReadByte
 .text.BSP_GyroUART_RxCpltCallback
                0x080082a0       0x8c CMakeFiles/HtiCar.dir/BSP/Src/bsp_gyro_uart.c.obj
                0x080082a0                BSP_GyroUART_RxCpltCallback
 .text.BSP_GyroUART_ErrorCallback
                0x0800832c       0x40 CMakeFiles/HtiCar.dir/BSP/Src/bsp_gyro_uart.c.obj
                0x0800832c                BSP_GyroUART_ErrorCallback
 .text.HAL_I2C_MemRxCpltCallback
                0x0800836c       0x28 CMakeFiles/HtiCar.dir/BSP/Src/bsp_i2c_callbacks.c.obj
                0x0800836c                HAL_I2C_MemRxCpltCallback
 .text.HAL_I2C_ErrorCallback
                0x08008394       0x28 CMakeFiles/HtiCar.dir/BSP/Src/bsp_i2c_callbacks.c.obj
                0x08008394                HAL_I2C_ErrorCallback
 .text.BSP_LineUART_Init
                0x080083bc       0x58 CMakeFiles/HtiCar.dir/BSP/Src/bsp_line_uart.c.obj
                0x080083bc                BSP_LineUART_Init
 .text.BSP_LineUART_ReadByte
                0x08008414       0x60 CMakeFiles/HtiCar.dir/BSP/Src/bsp_line_uart.c.obj
                0x08008414                BSP_LineUART_ReadByte
 .text.BSP_LineUART_RxCpltCallback
                0x08008474       0x8c CMakeFiles/HtiCar.dir/BSP/Src/bsp_line_uart.c.obj
                0x08008474                BSP_LineUART_RxCpltCallback
 .text.BSP_LineUART_ErrorCallback
                0x08008500       0x40 CMakeFiles/HtiCar.dir/BSP/Src/bsp_line_uart.c.obj
                0x08008500                BSP_LineUART_ErrorCallback
 .text.BSP_LED_Set
                0x08008540       0x2c CMakeFiles/HtiCar.dir/BSP/Src/bsp_led.c.obj
                0x08008540                BSP_LED_Set
 .text.BSP_LED_Toggle
                0x0800856c       0x18 CMakeFiles/HtiCar.dir/BSP/Src/bsp_led.c.obj
                0x0800856c                BSP_LED_Toggle
 .text.Motor_GetChannel
                0x08008584       0x20 CMakeFiles/HtiCar.dir/BSP/Src/bsp_motor.c.obj
 .text.Motor_SetDirectionPins
                0x080085a4       0x60 CMakeFiles/HtiCar.dir/BSP/Src/bsp_motor.c.obj
 .text.Motor_SetDuty
                0x08008604       0x98 CMakeFiles/HtiCar.dir/BSP/Src/bsp_motor.c.obj
 .text.BSP_Motor_Init
                0x0800869c       0x44 CMakeFiles/HtiCar.dir/BSP/Src/bsp_motor.c.obj
                0x0800869c                BSP_Motor_Init
 .text.BSP_Motor_SetSpeed
                0x080086e0       0x8c CMakeFiles/HtiCar.dir/BSP/Src/bsp_motor.c.obj
                0x080086e0                BSP_Motor_SetSpeed
 .text.BSP_Motor_Coast
                0x0800876c       0x28 CMakeFiles/HtiCar.dir/BSP/Src/bsp_motor.c.obj
                0x0800876c                BSP_Motor_Coast
 .text.BSP_Motor_CoastAll
                0x08008794       0x14 CMakeFiles/HtiCar.dir/BSP/Src/bsp_motor.c.obj
                0x08008794                BSP_Motor_CoastAll
 .text.BSP_StepperUART_Init
                0x080087a8       0x74 CMakeFiles/HtiCar.dir/BSP/Src/bsp_stepper_uart.c.obj
                0x080087a8                BSP_StepperUART_Init
 .text.BSP_StepperUART_ReadByte
                0x0800881c       0x60 CMakeFiles/HtiCar.dir/BSP/Src/bsp_stepper_uart.c.obj
                0x0800881c                BSP_StepperUART_ReadByte
 .text.BSP_StepperUART_TxCpltCallback
                0x0800887c       0x3c CMakeFiles/HtiCar.dir/BSP/Src/bsp_stepper_uart.c.obj
                0x0800887c                BSP_StepperUART_TxCpltCallback
 .text.BSP_StepperUART_RxCpltCallback
                0x080088b8       0x90 CMakeFiles/HtiCar.dir/BSP/Src/bsp_stepper_uart.c.obj
                0x080088b8                BSP_StepperUART_RxCpltCallback
 .text.BSP_StepperUART_ErrorCallback
                0x08008948       0x4c CMakeFiles/HtiCar.dir/BSP/Src/bsp_stepper_uart.c.obj
                0x08008948                BSP_StepperUART_ErrorCallback
 .text.HAL_UART_RxCpltCallback
                0x08008994       0x22 CMakeFiles/HtiCar.dir/BSP/Src/bsp_uart_callbacks.c.obj
                0x08008994                HAL_UART_RxCpltCallback
 .text.HAL_UART_TxCpltCallback
                0x080089b6       0x16 CMakeFiles/HtiCar.dir/BSP/Src/bsp_uart_callbacks.c.obj
                0x080089b6                HAL_UART_TxCpltCallback
 .text.HAL_UART_ErrorCallback
                0x080089cc       0x22 CMakeFiles/HtiCar.dir/BSP/Src/bsp_uart_callbacks.c.obj
                0x080089cc                HAL_UART_ErrorCallback
 .text.AngleProfile_Init
                0x080089ee       0x3c CMakeFiles/HtiCar.dir/Control/Src/angle_profile.c.obj
                0x080089ee                AngleProfile_Init
 .text.ArcProfile_Abs
                0x08008a2a       0x1a CMakeFiles/HtiCar.dir/Control/Src/arc_profile.c.obj
 .text.ArcProfile_LinearToYawRate
                0x08008a44       0x7c CMakeFiles/HtiCar.dir/Control/Src/arc_profile.c.obj
 .text.ArcProfile_Init
                0x08008ac0       0x40 CMakeFiles/HtiCar.dir/Control/Src/arc_profile.c.obj
                0x08008ac0                ArcProfile_Init
 .text.ArcProfile_GetExpectedLengthUm
                0x08008b00       0x84 CMakeFiles/HtiCar.dir/Control/Src/arc_profile.c.obj
                0x08008b00                ArcProfile_GetExpectedLengthUm
 .text.ChassisKinematics_Init
                0x08008b84       0x2a CMakeFiles/HtiCar.dir/Control/Src/chassis_kinematics.c.obj
                0x08008b84                ChassisKinematics_Init
 *fill*         0x08008bae        0x2 
 .text.ChassisKinematics_VelocityToWheelCps
                0x08008bb0      0x214 CMakeFiles/HtiCar.dir/Control/Src/chassis_kinematics.c.obj
                0x08008bb0                ChassisKinematics_VelocityToWheelCps
 .text.ChassisKinematics_WheelCpsToLinearMmS
                0x08008dc4      0x184 CMakeFiles/HtiCar.dir/Control/Src/chassis_kinematics.c.obj
                0x08008dc4                ChassisKinematics_WheelCpsToLinearMmS
 .text.ChassisOdometry_Reset
                0x08008f48       0x3a CMakeFiles/HtiCar.dir/Control/Src/chassis_kinematics.c.obj
                0x08008f48                ChassisOdometry_Reset
 *fill*         0x08008f82        0x2 
 .text.ChassisOdometry_Update
                0x08008f84      0x2a4 CMakeFiles/HtiCar.dir/Control/Src/chassis_kinematics.c.obj
                0x08008f84                ChassisOdometry_Update
 .text.ChassisVelocity_Abs
                0x08009228       0x1a CMakeFiles/HtiCar.dir/Control/Src/chassis_velocity.c.obj
 .text.ChassisVelocity_StepTowards
                0x08009242       0x42 CMakeFiles/HtiCar.dir/Control/Src/chassis_velocity.c.obj
 .text.ChassisVelocity_Init
                0x08009284       0x26 CMakeFiles/HtiCar.dir/Control/Src/chassis_velocity.c.obj
                0x08009284                ChassisVelocity_Init
 .text.ChassisVelocity_Reset
                0x080092aa       0x2a CMakeFiles/HtiCar.dir/Control/Src/chassis_velocity.c.obj
                0x080092aa                ChassisVelocity_Reset
 .text.ChassisVelocity_SetSlewRate
                0x080092d4       0x22 CMakeFiles/HtiCar.dir/Control/Src/chassis_velocity.c.obj
                0x080092d4                ChassisVelocity_SetSlewRate
 .text.ChassisVelocity_SetCommand
                0x080092f6       0xfc CMakeFiles/HtiCar.dir/Control/Src/chassis_velocity.c.obj
                0x080092f6                ChassisVelocity_SetCommand
 .text.ChassisVelocity_Update
                0x080093f2       0x90 CMakeFiles/HtiCar.dir/Control/Src/chassis_velocity.c.obj
                0x080093f2                ChassisVelocity_Update
 .text.ChassisVelocity_GetLeftTarget
                0x08009482       0x16 CMakeFiles/HtiCar.dir/Control/Src/chassis_velocity.c.obj
                0x08009482                ChassisVelocity_GetLeftTarget
 .text.ChassisVelocity_GetRightTarget
                0x08009498       0x16 CMakeFiles/HtiCar.dir/Control/Src/chassis_velocity.c.obj
                0x08009498                ChassisVelocity_GetRightTarget
 .text.DistanceProfile_Init
                0x080094ae       0x4c CMakeFiles/HtiCar.dir/Control/Src/distance_profile.c.obj
                0x080094ae                DistanceProfile_Init
 *fill*         0x080094fa        0x2 
 .text.HeadingEstimator_WrappedDelta
                0x080094fc       0x90 CMakeFiles/HtiCar.dir/Control/Src/heading_estimator.c.obj
 .text.HeadingEstimator_Init
                0x0800958c       0x6c CMakeFiles/HtiCar.dir/Control/Src/heading_estimator.c.obj
                0x0800958c                HeadingEstimator_Init
 .text.HeadingEstimator_ConvertGyroMdeg
                0x080095f8       0x1e CMakeFiles/HtiCar.dir/Control/Src/heading_estimator.c.obj
                0x080095f8                HeadingEstimator_ConvertGyroMdeg
 .text.HeadingEstimator_Update
                0x08009616      0x18a CMakeFiles/HtiCar.dir/Control/Src/heading_estimator.c.obj
                0x08009616                HeadingEstimator_Update
 .text.HeadingEstimator_GetHeadingMdeg
                0x080097a0       0x16 CMakeFiles/HtiCar.dir/Control/Src/heading_estimator.c.obj
                0x080097a0                HeadingEstimator_GetHeadingMdeg
 .text.HeadingController_Init
                0x080097b6       0x28 CMakeFiles/HtiCar.dir/Control/Src/heading_controller.c.obj
                0x080097b6                HeadingController_Init
 .text.LineFollower_Init
                0x080097de       0x22 CMakeFiles/HtiCar.dir/Control/Src/line_follower.c.obj
                0x080097de                LineFollower_Init
 .text.WheelSpeed_CountsPerSecond
                0x08009800       0x8e CMakeFiles/HtiCar.dir/Control/Src/wheel_speed.c.obj
 .text.WheelSpeed_RpmX10
                0x0800988e       0x86 CMakeFiles/HtiCar.dir/Control/Src/wheel_speed.c.obj
 .text.WheelSpeed_Init
                0x08009914       0x36 CMakeFiles/HtiCar.dir/Control/Src/wheel_speed.c.obj
                0x08009914                WheelSpeed_Init
 .text.WheelSpeed_Update
                0x0800994a       0xbe CMakeFiles/HtiCar.dir/Control/Src/wheel_speed.c.obj
                0x0800994a                WheelSpeed_Update
 .text.WheelSpeedPI_Clamp
                0x08009a08       0x30 CMakeFiles/HtiCar.dir/Control/Src/wheel_speed_pi.c.obj
 .text.WheelSpeedPI_Init
                0x08009a38       0x5a CMakeFiles/HtiCar.dir/Control/Src/wheel_speed_pi.c.obj
                0x08009a38                WheelSpeedPI_Init
 .text.WheelSpeedPI_Reset
                0x08009a92       0x18 CMakeFiles/HtiCar.dir/Control/Src/wheel_speed_pi.c.obj
                0x08009a92                WheelSpeedPI_Reset
 *fill*         0x08009aaa        0x2 
 .text.WheelSpeedPI_Update
                0x08009aac      0x28c CMakeFiles/HtiCar.dir/Control/Src/wheel_speed_pi.c.obj
                0x08009aac                WheelSpeedPI_Update
 .text.CYZ_ReadU16LE
                0x08009d38       0x2a CMakeFiles/HtiCar.dir/Sensors/Src/cyz_sensor.c.obj
 .text.CYZ_ReadU32LE
                0x08009d62       0x36 CMakeFiles/HtiCar.dir/Sensors/Src/cyz_sensor.c.obj
 .text.CYZ_ReadS16LE
                0x08009d98       0x22 CMakeFiles/HtiCar.dir/Sensors/Src/cyz_sensor.c.obj
 .text.CYZ_ReadS32LE
                0x08009dba       0x20 CMakeFiles/HtiCar.dir/Sensors/Src/cyz_sensor.c.obj
 *fill*         0x08009dda        0x2 
 .text.CYZ_CRC16Modbus
                0x08009ddc       0x78 CMakeFiles/HtiCar.dir/Sensors/Src/cyz_sensor.c.obj
 .text.CYZ_CentiToMilli
                0x08009e54       0x78 CMakeFiles/HtiCar.dir/Sensors/Src/cyz_sensor.c.obj
 .text.CYZ_ParseI2CData
                0x08009ecc       0xfa CMakeFiles/HtiCar.dir/Sensors/Src/cyz_sensor.c.obj
 *fill*         0x08009fc6        0x2 
 .text.CYZ_PublishI2CData
                0x08009fc8       0x90 CMakeFiles/HtiCar.dir/Sensors/Src/cyz_sensor.c.obj
 .text.CYZ_StartI2CRead
                0x0800a058       0x80 CMakeFiles/HtiCar.dir/Sensors/Src/cyz_sensor.c.obj
 .text.CYZ_FloatToMilli
                0x0800a0d8       0xb0 CMakeFiles/HtiCar.dir/Sensors/Src/cyz_sensor.c.obj
 .text.CYZ_ParseTelemetry
                0x0800a188       0xb6 CMakeFiles/HtiCar.dir/Sensors/Src/cyz_sensor.c.obj
 *fill*         0x0800a23e        0x2 
 .text.CYZ_ResetStream
                0x0800a240       0x3c CMakeFiles/HtiCar.dir/Sensors/Src/cyz_sensor.c.obj
 .text.CYZ_HandleCompleteFrame
                0x0800a27c      0x1f0 CMakeFiles/HtiCar.dir/Sensors/Src/cyz_sensor.c.obj
 .text.CYZ_InputByte
                0x0800a46c       0xb8 CMakeFiles/HtiCar.dir/Sensors/Src/cyz_sensor.c.obj
 .text.CYZ_ProtocolSelfTest
                0x0800a524       0x48 CMakeFiles/HtiCar.dir/Sensors/Src/cyz_sensor.c.obj
 .text.CYZ_I2CProtocolSelfTest
                0x0800a56c       0x90 CMakeFiles/HtiCar.dir/Sensors/Src/cyz_sensor.c.obj
 .text.CYZ_Sensor_Init
                0x0800a5fc      0x138 CMakeFiles/HtiCar.dir/Sensors/Src/cyz_sensor.c.obj
                0x0800a5fc                CYZ_Sensor_Init
 .text.CYZ_Sensor_Process
                0x0800a734       0x68 CMakeFiles/HtiCar.dir/Sensors/Src/cyz_sensor.c.obj
                0x0800a734                CYZ_Sensor_Process
 .text.CYZ_Sensor_IsFresh
                0x0800a79c       0x40 CMakeFiles/HtiCar.dir/Sensors/Src/cyz_sensor.c.obj
                0x0800a79c                CYZ_Sensor_IsFresh
 .text.CYZ_Sensor_I2CMemoryReadComplete
                0x0800a7dc       0x74 CMakeFiles/HtiCar.dir/Sensors/Src/cyz_sensor.c.obj
                0x0800a7dc                CYZ_Sensor_I2CMemoryReadComplete
 .text.CYZ_Sensor_I2CError
                0x0800a850       0x30 CMakeFiles/HtiCar.dir/Sensors/Src/cyz_sensor.c.obj
                0x0800a850                CYZ_Sensor_I2CError
 .text.LineSensor_ResetParser
                0x0800a880       0x30 CMakeFiles/HtiCar.dir/Sensors/Src/line_sensor.c.obj
 .text.LineSensor_Publish
                0x0800a8b0      0x170 CMakeFiles/HtiCar.dir/Sensors/Src/line_sensor.c.obj
 .text.LineSensor_InputByte
                0x0800aa20       0xf0 CMakeFiles/HtiCar.dir/Sensors/Src/line_sensor.c.obj
 .text.LineSensor_Init
                0x0800ab10       0xec CMakeFiles/HtiCar.dir/Sensors/Src/line_sensor.c.obj
                0x0800ab10                LineSensor_Init
 .text.LineSensor_Process
                0x0800abfc       0x2e CMakeFiles/HtiCar.dir/Sensors/Src/line_sensor.c.obj
                0x0800abfc                LineSensor_Process
 *fill*         0x0800ac2a        0x2 
 .text.LineSensor_IsFresh
                0x0800ac2c       0x40 CMakeFiles/HtiCar.dir/Sensors/Src/line_sensor.c.obj
                0x0800ac2c                LineSensor_IsFresh
 .text.__udivmoddi4
                0x0800ac6c      0x2f4 C:/Program Files (x86)/Arm GNU Toolchain arm-none-eabi/14.2 rel1/bin/../lib/gcc/arm-none-eabi/14.2.1/thumb/v7-m/nofp\libgcc.a(_udivmoddi4.o)
                0x0800ac6c                __udivmoddi4
 *(.glue_7)
 .glue_7        0x0800af60        0x0 linker stubs
 *(.glue_7t)
 .glue_7t       0x0800af60        0x0 linker stubs
 *(.eh_frame)
 .eh_frame      0x0800af60        0x0 C:/Program Files (x86)/Arm GNU Toolchain arm-none-eabi/14.2 rel1/bin/../lib/gcc/arm-none-eabi/14.2.1/thumb/v7-m/nofp/crtbegin.o
 *(.init)
 .init          0x0800af60        0x4 C:/Program Files (x86)/Arm GNU Toolchain arm-none-eabi/14.2 rel1/bin/../lib/gcc/arm-none-eabi/14.2.1/thumb/v7-m/nofp/crti.o
                0x0800af60                _init
 .init          0x0800af64        0x8 C:/Program Files (x86)/Arm GNU Toolchain arm-none-eabi/14.2 rel1/bin/../lib/gcc/arm-none-eabi/14.2.1/thumb/v7-m/nofp/crtn.o
 *(.fini)
 .fini          0x0800af6c        0x4 C:/Program Files (x86)/Arm GNU Toolchain arm-none-eabi/14.2 rel1/bin/../lib/gcc/arm-none-eabi/14.2.1/thumb/v7-m/nofp/crti.o
                0x0800af6c                _fini
 .fini          0x0800af70        0x8 C:/Program Files (x86)/Arm GNU Toolchain arm-none-eabi/14.2 rel1/bin/../lib/gcc/arm-none-eabi/14.2.1/thumb/v7-m/nofp/crtn.o
                0x0800af78                        . = ALIGN (0x4)
                0x0800af78                        _etext = .

.vfp11_veneer   0x0800af78        0x0
 .vfp11_veneer  0x0800af78        0x0 linker stubs

.v4_bx          0x0800af78        0x0
 .v4_bx         0x0800af78        0x0 linker stubs

.iplt           0x0800af78        0x0
 .iplt          0x0800af78        0x0 C:/Program Files (x86)/Arm GNU Toolchain arm-none-eabi/14.2 rel1/bin/../lib/gcc/arm-none-eabi/14.2.1/thumb/v7-m/nofp/crtbegin.o

.rodata         0x0800af78       0xf0
                0x0800af78                        . = ALIGN (0x4)
 *(.rodata)
 .rodata        0x0800af78       0x67 CMakeFiles/HtiCar.dir/App/Src/app_main.c.obj
 *fill*         0x0800afdf        0x1 
 .rodata        0x0800afe0       0x14 CMakeFiles/HtiCar.dir/Sensors/Src/cyz_sensor.c.obj
 .rodata        0x0800aff4       0x20 CMakeFiles/HtiCar.dir/Sensors/Src/line_sensor.c.obj
 *(.rodata*)
 .rodata.AHBPrescTable
                0x0800b014       0x10 cmake/stm32cubemx/CMakeFiles/STM32_Drivers.dir/__/__/Core/Src/system_stm32f1xx.c.obj
                0x0800b014                AHBPrescTable
 .rodata.APBPrescTable
                0x0800b024        0x8 cmake/stm32cubemx/CMakeFiles/STM32_Drivers.dir/__/__/Core/Src/system_stm32f1xx.c.obj
                0x0800b024                APBPrescTable
 .rodata.aPLLMULFactorTable.1
                0x0800b02c       0x10 cmake/stm32cubemx/CMakeFiles/STM32_Drivers.dir/__/__/Drivers/STM32F1xx_HAL_Driver/Src/stm32f1xx_hal_rcc.c.obj
 .rodata.aPredivFactorTable.0
                0x0800b03c        0x2 cmake/stm32cubemx/CMakeFiles/STM32_Drivers.dir/__/__/Drivers/STM32F1xx_HAL_Driver/Src/stm32f1xx_hal_rcc.c.obj
 *fill*         0x0800b03e        0x2 
 .rodata.sample.0
                0x0800b040       0x10 CMakeFiles/HtiCar.dir/Sensors/Src/cyz_sensor.c.obj
 .rodata.used_weights_x1000.0
                0x0800b050       0x18 CMakeFiles/HtiCar.dir/Sensors/Src/line_sensor.c.obj
                0x0800b068                        . = ALIGN (0x4)

.ARM.extab      0x0800b068        0x0
                0x0800b068                        . = ALIGN (0x4)
 *(.ARM.extab* .gnu.linkonce.armextab.*)
                0x0800b068                        . = ALIGN (0x4)

.ARM            0x0800b068        0x8
                0x0800b068                        . = ALIGN (0x4)
                0x0800b068                        __exidx_start = .
 *(.ARM.exidx*)
 .ARM.exidx.text.__udivmoddi4
                0x0800b068        0x8 C:/Program Files (x86)/Arm GNU Toolchain arm-none-eabi/14.2 rel1/bin/../lib/gcc/arm-none-eabi/14.2.1/thumb/v7-m/nofp\libgcc.a(_udivmoddi4.o)
                0x0800b070                        __exidx_end = .
                0x0800b070                        . = ALIGN (0x4)

.preinit_array  0x0800b070        0x0
                0x0800b070                        . = ALIGN (0x4)
                0x0800b070                        PROVIDE (__preinit_array_start = .)
 *(.preinit_array*)
                0x0800b070                        PROVIDE (__preinit_array_end = .)
                0x0800b070                        . = ALIGN (0x4)

.init_array     0x0800b070        0x4
                0x0800b070                        . = ALIGN (0x4)
                0x0800b070                        PROVIDE (__init_array_start = .)
 *(SORT_BY_NAME(.init_array.*))
 *(.init_array*)
 .init_array    0x0800b070        0x4 C:/Program Files (x86)/Arm GNU Toolchain arm-none-eabi/14.2 rel1/bin/../lib/gcc/arm-none-eabi/14.2.1/thumb/v7-m/nofp/crtbegin.o
                0x0800b074                        PROVIDE (__init_array_end = .)
                0x0800b074                        . = ALIGN (0x4)

.fini_array     0x0800b074        0x4
                0x0800b074                        . = ALIGN (0x4)
                [!provide]                        PROVIDE (__fini_array_start = .)
 *(SORT_BY_NAME(.fini_array.*))
 *(.fini_array*)
 .fini_array    0x0800b074        0x4 C:/Program Files (x86)/Arm GNU Toolchain arm-none-eabi/14.2 rel1/bin/../lib/gcc/arm-none-eabi/14.2.1/thumb/v7-m/nofp/crtbegin.o
                [!provide]                        PROVIDE (__fini_array_end = .)
                0x0800b078                        . = ALIGN (0x4)
                0x0800b078                        _sidata = LOADADDR (.data)

.rel.dyn        0x0800b078        0x0
 .rel.iplt      0x0800b078        0x0 C:/Program Files (x86)/Arm GNU Toolchain arm-none-eabi/14.2 rel1/bin/../lib/gcc/arm-none-eabi/14.2.1/thumb/v7-m/nofp/crtbegin.o

.data           0x20000000        0xc load address 0x0800b078
                0x20000000                        . = ALIGN (0x4)
                0x20000000                        _sdata = .
 *(.data)
 *(.data*)
 .data.SystemCoreClock
                0x20000000        0x4 cmake/stm32cubemx/CMakeFiles/STM32_Drivers.dir/__/__/Core/Src/system_stm32f1xx.c.obj
                0x20000000                SystemCoreClock
 .data.uwTickPrio
                0x20000004        0x4 cmake/stm32cubemx/CMakeFiles/STM32_Drivers.dir/__/__/Drivers/STM32F1xx_HAL_Driver/Src/stm32f1xx_hal.c.obj
                0x20000004                uwTickPrio
 .data.uwTickFreq
                0x20000008        0x1 cmake/stm32cubemx/CMakeFiles/STM32_Drivers.dir/__/__/Drivers/STM32F1xx_HAL_Driver/Src/stm32f1xx_hal.c.obj
                0x20000008                uwTickFreq
 *(.RamFunc)
 *(.RamFunc*)
                0x2000000c                        . = ALIGN (0x4)
 *fill*         0x20000009        0x3 
                0x2000000c                        _edata = .

.tm_clone_table
                0x2000000c        0x0 load address 0x0800b084
 .tm_clone_table
                0x2000000c        0x0 C:/Program Files (x86)/Arm GNU Toolchain arm-none-eabi/14.2 rel1/bin/../lib/gcc/arm-none-eabi/14.2.1/thumb/v7-m/nofp/crtbegin.o
 .tm_clone_table
                0x2000000c        0x0 C:/Program Files (x86)/Arm GNU Toolchain arm-none-eabi/14.2 rel1/bin/../lib/gcc/arm-none-eabi/14.2.1/thumb/v7-m/nofp/crtend.o

.igot.plt       0x2000000c        0x0 load address 0x0800b084
 .igot.plt      0x2000000c        0x0 C:/Program Files (x86)/Arm GNU Toolchain arm-none-eabi/14.2 rel1/bin/../lib/gcc/arm-none-eabi/14.2.1/thumb/v7-m/nofp/crtbegin.o
                0x2000000c                        . = ALIGN (0x4)

.bss            0x20000010     0x3914 load address 0x0800b084
                0x20000010                        _sbss = .
                0x20000010                        __bss_start__ = _sbss
 *(.bss)
 *(.bss*)
 .bss.completed.1
                0x20000010        0x1 C:/Program Files (x86)/Arm GNU Toolchain arm-none-eabi/14.2 rel1/bin/../lib/gcc/arm-none-eabi/14.2.1/thumb/v7-m/nofp/crtbegin.o
 *fill*         0x20000011        0x3 
 .bss.object.0  0x20000014       0x18 C:/Program Files (x86)/Arm GNU Toolchain arm-none-eabi/14.2 rel1/bin/../lib/gcc/arm-none-eabi/14.2.1/thumb/v7-m/nofp/crtbegin.o
 .bss.uwTick    0x2000002c        0x4 cmake/stm32cubemx/CMakeFiles/STM32_Drivers.dir/__/__/Drivers/STM32F1xx_HAL_Driver/Src/stm32f1xx_hal.c.obj
                0x2000002c                uwTick
 .bss.hi2c1     0x20000030       0x54 CMakeFiles/HtiCar.dir/Core/Src/i2c.c.obj
                0x20000030                hi2c1
 .bss.htim2     0x20000084       0x48 CMakeFiles/HtiCar.dir/Core/Src/tim.c.obj
                0x20000084                htim2
 .bss.htim3     0x200000cc       0x48 CMakeFiles/HtiCar.dir/Core/Src/tim.c.obj
                0x200000cc                htim3
 .bss.htim4     0x20000114       0x48 CMakeFiles/HtiCar.dir/Core/Src/tim.c.obj
                0x20000114                htim4
 .bss.huart1    0x2000015c       0x48 CMakeFiles/HtiCar.dir/Core/Src/usart.c.obj
                0x2000015c                huart1
 .bss.huart2    0x200001a4       0x48 CMakeFiles/HtiCar.dir/Core/Src/usart.c.obj
                0x200001a4                huart2
 .bss.huart3    0x200001ec       0x48 CMakeFiles/HtiCar.dir/Core/Src/usart.c.obj
                0x200001ec                huart3
 .bss.zdt_address
                0x20000234        0x1 CMakeFiles/HtiCar.dir/Actuators/Src/zdt_stepper.c.obj
 *fill*         0x20000235        0x3 
 .bss.zdt_pulses_per_revolution
                0x20000238        0x4 CMakeFiles/HtiCar.dir/Actuators/Src/zdt_stepper.c.obj
 .bss.zdt_rx_frame
                0x2000023c        0x8 CMakeFiles/HtiCar.dir/Actuators/Src/zdt_stepper.c.obj
 .bss.zdt_rx_index
                0x20000244        0x1 CMakeFiles/HtiCar.dir/Actuators/Src/zdt_stepper.c.obj
 .bss.zdt_rx_expected_length
                0x20000245        0x1 CMakeFiles/HtiCar.dir/Actuators/Src/zdt_stepper.c.obj
 *fill*         0x20000246        0x2 
 .bss.g_zdt_stepper_initialized
                0x20000248        0x4 CMakeFiles/HtiCar.dir/Actuators/Src/zdt_stepper.c.obj
                0x20000248                g_zdt_stepper_initialized
 .bss.g_zdt_stepper_tx_command_count
                0x2000024c        0x4 CMakeFiles/HtiCar.dir/Actuators/Src/zdt_stepper.c.obj
                0x2000024c                g_zdt_stepper_tx_command_count
 .bss.g_zdt_stepper_rx_frame_count
                0x20000250        0x4 CMakeFiles/HtiCar.dir/Actuators/Src/zdt_stepper.c.obj
                0x20000250                g_zdt_stepper_rx_frame_count
 .bss.g_zdt_stepper_rx_error_count
                0x20000254        0x4 CMakeFiles/HtiCar.dir/Actuators/Src/zdt_stepper.c.obj
                0x20000254                g_zdt_stepper_rx_error_count
 .bss.g_zdt_stepper_position_valid
                0x20000258        0x4 CMakeFiles/HtiCar.dir/Actuators/Src/zdt_stepper.c.obj
                0x20000258                g_zdt_stepper_position_valid
 .bss.g_zdt_stepper_last_function
                0x2000025c        0x4 CMakeFiles/HtiCar.dir/Actuators/Src/zdt_stepper.c.obj
                0x2000025c                g_zdt_stepper_last_function
 .bss.g_zdt_stepper_last_status
                0x20000260        0x4 CMakeFiles/HtiCar.dir/Actuators/Src/zdt_stepper.c.obj
                0x20000260                g_zdt_stepper_last_status
 .bss.g_zdt_stepper_position_raw
                0x20000264        0x4 CMakeFiles/HtiCar.dir/Actuators/Src/zdt_stepper.c.obj
                0x20000264                g_zdt_stepper_position_raw
 .bss.g_zdt_stepper_position_pulses
                0x20000268        0x4 CMakeFiles/HtiCar.dir/Actuators/Src/zdt_stepper.c.obj
                0x20000268                g_zdt_stepper_position_pulses
 .bss.g_zdt_stepper_angle_mdeg
                0x2000026c        0x4 CMakeFiles/HtiCar.dir/Actuators/Src/zdt_stepper.c.obj
                0x2000026c                g_zdt_stepper_angle_mdeg
 .bss.test_state
                0x20000270        0x1 CMakeFiles/HtiCar.dir/App/Src/app_main.c.obj
 *fill*         0x20000271        0x3 
 .bss.state_started_ms
                0x20000274        0x4 CMakeFiles/HtiCar.dir/App/Src/app_main.c.obj
 .bss.led_changed_ms
                0x20000278        0x4 CMakeFiles/HtiCar.dir/App/Src/app_main.c.obj
 .bss.displayed_left_count
                0x2000027c        0x4 CMakeFiles/HtiCar.dir/App/Src/app_main.c.obj
 .bss.displayed_right_count
                0x20000280        0x4 CMakeFiles/HtiCar.dir/App/Src/app_main.c.obj
 .bss.encoder_activity_ms
                0x20000284        0x4 CMakeFiles/HtiCar.dir/App/Src/app_main.c.obj
 .bss.encoder_led_active
                0x20000288        0x1 CMakeFiles/HtiCar.dir/App/Src/app_main.c.obj
 *fill*         0x20000289        0x3 
 .bss.speed_estimator
                0x2000028c       0x14 CMakeFiles/HtiCar.dir/App/Src/app_main.c.obj
 .bss.left_speed_controller
                0x200002a0       0x2c CMakeFiles/HtiCar.dir/App/Src/app_main.c.obj
 .bss.right_speed_controller
                0x200002cc       0x2c CMakeFiles/HtiCar.dir/App/Src/app_main.c.obj
 .bss.chassis_velocity
                0x200002f8       0x18 CMakeFiles/HtiCar.dir/App/Src/app_main.c.obj
 .bss.chassis_kinematics
                0x20000310        0xc CMakeFiles/HtiCar.dir/App/Src/app_main.c.obj
 *fill*         0x2000031c        0x4 
 .bss.chassis_odometry
                0x20000320       0x18 CMakeFiles/HtiCar.dir/App/Src/app_main.c.obj
 .bss.distance_profile
                0x20000338       0x18 CMakeFiles/HtiCar.dir/App/Src/app_main.c.obj
 .bss.distance_finished_ms
                0x20000350        0x4 CMakeFiles/HtiCar.dir/App/Src/app_main.c.obj
 .bss.angle_profile
                0x20000354       0x18 CMakeFiles/HtiCar.dir/App/Src/app_main.c.obj
 .bss.arc_profile
                0x2000036c       0x1c CMakeFiles/HtiCar.dir/App/Src/app_main.c.obj
 .bss.heading_estimator
                0x20000388       0x1c CMakeFiles/HtiCar.dir/App/Src/app_main.c.obj
 .bss.heading_controller
                0x200003a4        0xc CMakeFiles/HtiCar.dir/App/Src/app_main.c.obj
 .bss.line_follower
                0x200003b0        0x8 CMakeFiles/HtiCar.dir/App/Src/app_main.c.obj
 .bss.angle_finished_ms
                0x200003b8        0x4 CMakeFiles/HtiCar.dir/App/Src/app_main.c.obj
 .bss.arc_start_distance_um
                0x200003bc        0x4 CMakeFiles/HtiCar.dir/App/Src/app_main.c.obj
 .bss.vehicle_previous_speed_mm_s
                0x200003c0        0x4 CMakeFiles/HtiCar.dir/App/Src/app_main.c.obj
 .bss.vehicle_acceleration_sample_valid
                0x200003c4        0x1 CMakeFiles/HtiCar.dir/App/Src/app_main.c.obj
 *fill*         0x200003c5        0x3 
 .bss.lap_line_checked_frame_count
                0x200003c8        0x4 CMakeFiles/HtiCar.dir/App/Src/app_main.c.obj
 .bss.lap_line_clear_stable_frame_count
                0x200003cc        0x4 CMakeFiles/HtiCar.dir/App/Src/app_main.c.obj
 .bss.lap_stop_line_stable_frame_count
                0x200003d0        0x4 CMakeFiles/HtiCar.dir/App/Src/app_main.c.obj
 .bss.lap_stopped_stable_sample_count
                0x200003d4        0x4 CMakeFiles/HtiCar.dir/App/Src/app_main.c.obj
 .bss.lap_line_lost_started_ms
                0x200003d8        0x4 CMakeFiles/HtiCar.dir/App/Src/app_main.c.obj
 .bss.lap_start_distance_um
                0x200003dc        0x4 CMakeFiles/HtiCar.dir/App/Src/app_main.c.obj
 .bss.lap_start_heading_mdeg
                0x200003e0        0x4 CMakeFiles/HtiCar.dir/App/Src/app_main.c.obj
 .bss.lap_gyro_previous_mdeg
                0x200003e4        0x4 CMakeFiles/HtiCar.dir/App/Src/app_main.c.obj
 .bss.lap_gyro_accumulated_mdeg
                0x200003e8        0x4 CMakeFiles/HtiCar.dir/App/Src/app_main.c.obj
 .bss.line_yaw_command_mdeg_s
                0x200003ec        0x4 CMakeFiles/HtiCar.dir/App/Src/app_main.c.obj
 .bss.line_profile_speed_mm_s
                0x200003f0        0x4 CMakeFiles/HtiCar.dir/App/Src/app_main.c.obj
 .bss.line_profile_start_speed_mm_s
                0x200003f4        0x4 CMakeFiles/HtiCar.dir/App/Src/app_main.c.obj
 .bss.line_profile_target_speed_mm_s
                0x200003f8        0x4 CMakeFiles/HtiCar.dir/App/Src/app_main.c.obj
 .bss.line_profile_acceleration_mm_s2
                0x200003fc        0x4 CMakeFiles/HtiCar.dir/App/Src/app_main.c.obj
 .bss.line_profile_elapsed_ms
                0x20000400        0x4 CMakeFiles/HtiCar.dir/App/Src/app_main.c.obj
 .bss.line_profile_duration_ms
                0x20000404        0x4 CMakeFiles/HtiCar.dir/App/Src/app_main.c.obj
 .bss.motion_log_last_ms
                0x20000408        0x4 CMakeFiles/HtiCar.dir/App/Src/app_main.c.obj
 .bss.lap_gyro_checked_frame_count
                0x2000040c        0x4 CMakeFiles/HtiCar.dir/App/Src/app_main.c.obj
 .bss.lap_line_lost_active
                0x20000410        0x1 CMakeFiles/HtiCar.dir/App/Src/app_main.c.obj
 .bss.lap_stop_requested
                0x20000411        0x1 CMakeFiles/HtiCar.dir/App/Src/app_main.c.obj
 .bss.h_task2_phase
                0x20000412        0x1 CMakeFiles/HtiCar.dir/App/Src/app_main.c.obj
 *fill*         0x20000413        0x1 
 .bss.h_task2_phase_started_ms
                0x20000414        0x4 CMakeFiles/HtiCar.dir/App/Src/app_main.c.obj
 .bss.h_task2_line_checked_frame_count
                0x20000418        0x4 CMakeFiles/HtiCar.dir/App/Src/app_main.c.obj
 .bss.h_task2_line_stable_frame_count
                0x2000041c        0x4 CMakeFiles/HtiCar.dir/App/Src/app_main.c.obj
 .bss.h_task2_line_candidate_started_ms
                0x20000420        0x4 CMakeFiles/HtiCar.dir/App/Src/app_main.c.obj
 .bss.h_task2_line_lost_started_ms
                0x20000424        0x4 CMakeFiles/HtiCar.dir/App/Src/app_main.c.obj
 .bss.h_task2_center_checked_frame_count
                0x20000428        0x4 CMakeFiles/HtiCar.dir/App/Src/app_main.c.obj
 .bss.h_task2_center_stable_frame_count
                0x2000042c        0x4 CMakeFiles/HtiCar.dir/App/Src/app_main.c.obj
 .bss.h_task2_arc_entry_centered
                0x20000430        0x1 CMakeFiles/HtiCar.dir/App/Src/app_main.c.obj
 .bss.h_task2_arc_gyro_takeover
                0x20000431        0x1 CMakeFiles/HtiCar.dir/App/Src/app_main.c.obj
 *fill*         0x20000432        0x2 
 .bss.h_task2_initial_heading_mdeg
                0x20000434        0x4 CMakeFiles/HtiCar.dir/App/Src/app_main.c.obj
 .bss.h_task2_arc_start_heading_mdeg
                0x20000438        0x4 CMakeFiles/HtiCar.dir/App/Src/app_main.c.obj
 .bss.h_task2_arc_start_distance_um
                0x2000043c        0x4 CMakeFiles/HtiCar.dir/App/Src/app_main.c.obj
 .bss.h_task2_arc_tail_start_distance_um
                0x20000440        0x4 CMakeFiles/HtiCar.dir/App/Src/app_main.c.obj
 .bss.h_task2_arc_tail_target_um
                0x20000444        0x4 CMakeFiles/HtiCar.dir/App/Src/app_main.c.obj
 .bss.h_task2_arc_takeover_progress_mdeg
                0x20000448        0x4 CMakeFiles/HtiCar.dir/App/Src/app_main.c.obj
 .bss.h_task3_phase
                0x2000044c        0x1 CMakeFiles/HtiCar.dir/App/Src/app_main.c.obj
 *fill*         0x2000044d        0x3 
 .bss.h_task3_phase_started_ms
                0x20000450        0x4 CMakeFiles/HtiCar.dir/App/Src/app_main.c.obj
 .bss.h_task3_line_checked_frame_count
                0x20000454        0x4 CMakeFiles/HtiCar.dir/App/Src/app_main.c.obj
 .bss.h_task3_line_stable_frame_count
                0x20000458        0x4 CMakeFiles/HtiCar.dir/App/Src/app_main.c.obj
 .bss.h_task3_line_lost_started_ms
                0x2000045c        0x4 CMakeFiles/HtiCar.dir/App/Src/app_main.c.obj
 .bss.h_task3_center_checked_frame_count
                0x20000460        0x4 CMakeFiles/HtiCar.dir/App/Src/app_main.c.obj
 .bss.h_task3_center_stable_frame_count
                0x20000464        0x4 CMakeFiles/HtiCar.dir/App/Src/app_main.c.obj
 .bss.h_task3_completed_laps
                0x20000468        0x4 CMakeFiles/HtiCar.dir/App/Src/app_main.c.obj
 .bss.h_task3_arc_entry_centered
                0x2000046c        0x1 CMakeFiles/HtiCar.dir/App/Src/app_main.c.obj
 .bss.h_task3_arc_gyro_takeover
                0x2000046d        0x1 CMakeFiles/HtiCar.dir/App/Src/app_main.c.obj
 .bss.h_task3_endpoint_line_captured
                0x2000046e        0x1 CMakeFiles/HtiCar.dir/App/Src/app_main.c.obj
 *fill*         0x2000046f        0x1 
 .bss.h_task3_endpoint_line_distance_um
                0x20000470        0x4 CMakeFiles/HtiCar.dir/App/Src/app_main.c.obj
 .bss.h_task3_endpoint_checked_frame_count
                0x20000474        0x4 CMakeFiles/HtiCar.dir/App/Src/app_main.c.obj
 .bss.h_task3_endpoint_stable_frame_count
                0x20000478        0x4 CMakeFiles/HtiCar.dir/App/Src/app_main.c.obj
 .bss.h_task3_initial_heading_mdeg
                0x2000047c        0x4 CMakeFiles/HtiCar.dir/App/Src/app_main.c.obj
 .bss.h_task3_arc_start_heading_mdeg
                0x20000480        0x4 CMakeFiles/HtiCar.dir/App/Src/app_main.c.obj
 .bss.h_task3_arc_start_distance_um
                0x20000484        0x4 CMakeFiles/HtiCar.dir/App/Src/app_main.c.obj
 .bss.h_task3_arc_tail_start_distance_um
                0x20000488        0x4 CMakeFiles/HtiCar.dir/App/Src/app_main.c.obj
 .bss.h_task3_arc_tail_target_um
                0x2000048c        0x4 CMakeFiles/HtiCar.dir/App/Src/app_main.c.obj
 .bss.h_task3_arc_takeover_progress_mdeg
                0x20000490        0x4 CMakeFiles/HtiCar.dir/App/Src/app_main.c.obj
 *fill*         0x20000494        0x4 
 .bss.pi_left_cps_sum
                0x20000498        0x8 CMakeFiles/HtiCar.dir/App/Src/app_main.c.obj
 .bss.pi_right_cps_sum
                0x200004a0        0x8 CMakeFiles/HtiCar.dir/App/Src/app_main.c.obj
 .bss.pi_left_output_sum
                0x200004a8        0x8 CMakeFiles/HtiCar.dir/App/Src/app_main.c.obj
 .bss.pi_right_output_sum
                0x200004b0        0x8 CMakeFiles/HtiCar.dir/App/Src/app_main.c.obj
 .bss.g_wheel_speed_sample_count
                0x200004b8        0x4 CMakeFiles/HtiCar.dir/App/Src/app_main.c.obj
                0x200004b8                g_wheel_speed_sample_count
 .bss.g_wheel_speed_left_cps
                0x200004bc        0x4 CMakeFiles/HtiCar.dir/App/Src/app_main.c.obj
                0x200004bc                g_wheel_speed_left_cps
 .bss.g_wheel_speed_right_cps
                0x200004c0        0x4 CMakeFiles/HtiCar.dir/App/Src/app_main.c.obj
                0x200004c0                g_wheel_speed_right_cps
 .bss.g_wheel_speed_left_rpm_x10
                0x200004c4        0x4 CMakeFiles/HtiCar.dir/App/Src/app_main.c.obj
                0x200004c4                g_wheel_speed_left_rpm_x10
 .bss.g_wheel_speed_right_rpm_x10
                0x200004c8        0x4 CMakeFiles/HtiCar.dir/App/Src/app_main.c.obj
                0x200004c8                g_wheel_speed_right_rpm_x10
 .bss.g_wheel_speed_left_peak_abs_cps
                0x200004cc        0x4 CMakeFiles/HtiCar.dir/App/Src/app_main.c.obj
                0x200004cc                g_wheel_speed_left_peak_abs_cps
 .bss.g_wheel_speed_right_peak_abs_cps
                0x200004d0        0x4 CMakeFiles/HtiCar.dir/App/Src/app_main.c.obj
                0x200004d0                g_wheel_speed_right_peak_abs_cps
 .bss.g_speed_test_left_end_count
                0x200004d4        0x4 CMakeFiles/HtiCar.dir/App/Src/app_main.c.obj
                0x200004d4                g_speed_test_left_end_count
 .bss.g_speed_test_right_end_count
                0x200004d8        0x4 CMakeFiles/HtiCar.dir/App/Src/app_main.c.obj
                0x200004d8                g_speed_test_right_end_count
 .bss.g_wheel_speed_elapsed_ms
                0x200004dc        0x4 CMakeFiles/HtiCar.dir/App/Src/app_main.c.obj
                0x200004dc                g_wheel_speed_elapsed_ms
 .bss.g_pi_target_cps
                0x200004e0        0x4 CMakeFiles/HtiCar.dir/App/Src/app_main.c.obj
                0x200004e0                g_pi_target_cps
 .bss.g_pi_left_output_permille
                0x200004e4        0x4 CMakeFiles/HtiCar.dir/App/Src/app_main.c.obj
                0x200004e4                g_pi_left_output_permille
 .bss.g_pi_right_output_permille
                0x200004e8        0x4 CMakeFiles/HtiCar.dir/App/Src/app_main.c.obj
                0x200004e8                g_pi_right_output_permille
 .bss.g_pi_fault_code
                0x200004ec        0x4 CMakeFiles/HtiCar.dir/App/Src/app_main.c.obj
                0x200004ec                g_pi_fault_code
 .bss.g_pi_settled_sample_count
                0x200004f0        0x4 CMakeFiles/HtiCar.dir/App/Src/app_main.c.obj
                0x200004f0                g_pi_settled_sample_count
 .bss.g_pi_left_average_cps
                0x200004f4        0x4 CMakeFiles/HtiCar.dir/App/Src/app_main.c.obj
                0x200004f4                g_pi_left_average_cps
 .bss.g_pi_right_average_cps
                0x200004f8        0x4 CMakeFiles/HtiCar.dir/App/Src/app_main.c.obj
                0x200004f8                g_pi_right_average_cps
 .bss.g_pi_left_average_output_permille
                0x200004fc        0x4 CMakeFiles/HtiCar.dir/App/Src/app_main.c.obj
                0x200004fc                g_pi_left_average_output_permille
 .bss.g_pi_right_average_output_permille
                0x20000500        0x4 CMakeFiles/HtiCar.dir/App/Src/app_main.c.obj
                0x20000500                g_pi_right_average_output_permille
 .bss.g_chassis_translation_command_cps
                0x20000504        0x4 CMakeFiles/HtiCar.dir/App/Src/app_main.c.obj
                0x20000504                g_chassis_translation_command_cps
 .bss.g_chassis_turn_command_cps
                0x20000508        0x4 CMakeFiles/HtiCar.dir/App/Src/app_main.c.obj
                0x20000508                g_chassis_turn_command_cps
 .bss.g_chassis_left_target_cps
                0x2000050c        0x4 CMakeFiles/HtiCar.dir/App/Src/app_main.c.obj
                0x2000050c                g_chassis_left_target_cps
 .bss.g_chassis_right_target_cps
                0x20000510        0x4 CMakeFiles/HtiCar.dir/App/Src/app_main.c.obj
                0x20000510                g_chassis_right_target_cps
 .bss.g_chassis_linear_command_mm_s
                0x20000514        0x4 CMakeFiles/HtiCar.dir/App/Src/app_main.c.obj
                0x20000514                g_chassis_linear_command_mm_s
 .bss.g_chassis_yaw_command_mdeg_s
                0x20000518        0x4 CMakeFiles/HtiCar.dir/App/Src/app_main.c.obj
                0x20000518                g_chassis_yaw_command_mdeg_s
 .bss.g_vehicle_linear_speed_mm_s
                0x2000051c        0x4 CMakeFiles/HtiCar.dir/App/Src/app_main.c.obj
                0x2000051c                g_vehicle_linear_speed_mm_s
 .bss.g_vehicle_acceleration_raw_mm_s2
                0x20000520        0x4 CMakeFiles/HtiCar.dir/App/Src/app_main.c.obj
                0x20000520                g_vehicle_acceleration_raw_mm_s2
 .bss.g_vehicle_acceleration_mm_s2
                0x20000524        0x4 CMakeFiles/HtiCar.dir/App/Src/app_main.c.obj
                0x20000524                g_vehicle_acceleration_mm_s2
 .bss.g_vehicle_acceleration_max_mm_s2
                0x20000528        0x4 CMakeFiles/HtiCar.dir/App/Src/app_main.c.obj
                0x20000528                g_vehicle_acceleration_max_mm_s2
 .bss.g_vehicle_acceleration_min_mm_s2
                0x2000052c        0x4 CMakeFiles/HtiCar.dir/App/Src/app_main.c.obj
                0x2000052c                g_vehicle_acceleration_min_mm_s2
 .bss.g_vehicle_profile_speed_mm_s
                0x20000530        0x4 CMakeFiles/HtiCar.dir/App/Src/app_main.c.obj
                0x20000530                g_vehicle_profile_speed_mm_s
 .bss.g_vehicle_acceleration_command_mm_s2
                0x20000534        0x4 CMakeFiles/HtiCar.dir/App/Src/app_main.c.obj
                0x20000534                g_vehicle_acceleration_command_mm_s2
 .bss.g_odometry_distance_um
                0x20000538        0x4 CMakeFiles/HtiCar.dir/App/Src/app_main.c.obj
                0x20000538                g_odometry_distance_um
 .bss.g_odometry_heading_mdeg
                0x2000053c        0x4 CMakeFiles/HtiCar.dir/App/Src/app_main.c.obj
                0x2000053c                g_odometry_heading_mdeg
 .bss.g_distance_target_mm
                0x20000540        0x4 CMakeFiles/HtiCar.dir/App/Src/app_main.c.obj
                0x20000540                g_distance_target_mm
 .bss.g_distance_remaining_um
                0x20000544        0x4 CMakeFiles/HtiCar.dir/App/Src/app_main.c.obj
                0x20000544                g_distance_remaining_um
 .bss.g_distance_finished
                0x20000548        0x4 CMakeFiles/HtiCar.dir/App/Src/app_main.c.obj
                0x20000548                g_distance_finished
 .bss.g_angle_target_mdeg
                0x2000054c        0x4 CMakeFiles/HtiCar.dir/App/Src/app_main.c.obj
                0x2000054c                g_angle_target_mdeg
 .bss.g_angle_remaining_mdeg
                0x20000550        0x4 CMakeFiles/HtiCar.dir/App/Src/app_main.c.obj
                0x20000550                g_angle_remaining_mdeg
 .bss.g_angle_finished
                0x20000554        0x4 CMakeFiles/HtiCar.dir/App/Src/app_main.c.obj
                0x20000554                g_angle_finished
 .bss.g_cyz_zero_test_status
                0x20000558        0x4 CMakeFiles/HtiCar.dir/App/Src/app_main.c.obj
                0x20000558                g_cyz_zero_test_status
 .bss.g_cyz_chassis_angle_mdeg
                0x2000055c        0x4 CMakeFiles/HtiCar.dir/App/Src/app_main.c.obj
                0x2000055c                g_cyz_chassis_angle_mdeg
 .bss.g_fused_heading_mdeg
                0x20000560        0x4 CMakeFiles/HtiCar.dir/App/Src/app_main.c.obj
                0x20000560                g_fused_heading_mdeg
 .bss.g_heading_hold_target_mdeg
                0x20000564        0x4 CMakeFiles/HtiCar.dir/App/Src/app_main.c.obj
                0x20000564                g_heading_hold_target_mdeg
 .bss.g_heading_hold_error_mdeg
                0x20000568        0x4 CMakeFiles/HtiCar.dir/App/Src/app_main.c.obj
                0x20000568                g_heading_hold_error_mdeg
 .bss.g_heading_hold_correction_mdeg_s
                0x2000056c        0x4 CMakeFiles/HtiCar.dir/App/Src/app_main.c.obj
                0x2000056c                g_heading_hold_correction_mdeg_s
 .bss.g_arc_radius_mm
                0x20000570        0x4 CMakeFiles/HtiCar.dir/App/Src/app_main.c.obj
                0x20000570                g_arc_radius_mm
 .bss.g_arc_remaining_mdeg
                0x20000574        0x4 CMakeFiles/HtiCar.dir/App/Src/app_main.c.obj
                0x20000574                g_arc_remaining_mdeg
 .bss.g_arc_expected_length_um
                0x20000578        0x4 CMakeFiles/HtiCar.dir/App/Src/app_main.c.obj
                0x20000578                g_arc_expected_length_um
 .bss.g_arc_actual_length_um
                0x2000057c        0x4 CMakeFiles/HtiCar.dir/App/Src/app_main.c.obj
                0x2000057c                g_arc_actual_length_um
 .bss.g_arc_finished
                0x20000580        0x4 CMakeFiles/HtiCar.dir/App/Src/app_main.c.obj
                0x20000580                g_arc_finished
 .bss.g_line_follow_yaw_mdeg_s
                0x20000584        0x4 CMakeFiles/HtiCar.dir/App/Src/app_main.c.obj
                0x20000584                g_line_follow_yaw_mdeg_s
 .bss.g_line_follow_finished
                0x20000588        0x4 CMakeFiles/HtiCar.dir/App/Src/app_main.c.obj
                0x20000588                g_line_follow_finished
 .bss.g_lap_stop_line_armed
                0x2000058c        0x4 CMakeFiles/HtiCar.dir/App/Src/app_main.c.obj
                0x2000058c                g_lap_stop_line_armed
 .bss.g_lap_stop_line_detected
                0x20000590        0x4 CMakeFiles/HtiCar.dir/App/Src/app_main.c.obj
                0x20000590                g_lap_stop_line_detected
 .bss.g_lap_line_active_count_max
                0x20000594        0x4 CMakeFiles/HtiCar.dir/App/Src/app_main.c.obj
                0x20000594                g_lap_line_active_count_max
 .bss.g_lap_stop_candidate_max_frames
                0x20000598        0x4 CMakeFiles/HtiCar.dir/App/Src/app_main.c.obj
                0x20000598                g_lap_stop_candidate_max_frames
 .bss.g_lap_elapsed_ms
                0x2000059c        0x4 CMakeFiles/HtiCar.dir/App/Src/app_main.c.obj
                0x2000059c                g_lap_elapsed_ms
 .bss.g_lap_distance_um
                0x200005a0        0x4 CMakeFiles/HtiCar.dir/App/Src/app_main.c.obj
                0x200005a0                g_lap_distance_um
 .bss.g_lap_heading_progress_mdeg
                0x200005a4        0x4 CMakeFiles/HtiCar.dir/App/Src/app_main.c.obj
                0x200005a4                g_lap_heading_progress_mdeg
 .bss.g_lap_encoder_heading_progress_mdeg
                0x200005a8        0x4 CMakeFiles/HtiCar.dir/App/Src/app_main.c.obj
                0x200005a8                g_lap_encoder_heading_progress_mdeg
 .bss.g_lap_gyro_heading_signed_mdeg
                0x200005ac        0x4 CMakeFiles/HtiCar.dir/App/Src/app_main.c.obj
                0x200005ac                g_lap_gyro_heading_signed_mdeg
 .bss.g_lap_gyro_valid
                0x200005b0        0x4 CMakeFiles/HtiCar.dir/App/Src/app_main.c.obj
                0x200005b0                g_lap_gyro_valid
 .bss.g_lap_stop_line_distance_um
                0x200005b4        0x4 CMakeFiles/HtiCar.dir/App/Src/app_main.c.obj
                0x200005b4                g_lap_stop_line_distance_um
 .bss.g_line_motion_phase
                0x200005b8        0x4 CMakeFiles/HtiCar.dir/App/Src/app_main.c.obj
                0x200005b8                g_line_motion_phase
 .bss.g_motion_log
                0x200005bc     0x3000 CMakeFiles/HtiCar.dir/App/Src/app_main.c.obj
                0x200005bc                g_motion_log
 .bss.g_motion_log_count
                0x200035bc        0x4 CMakeFiles/HtiCar.dir/App/Src/app_main.c.obj
                0x200035bc                g_motion_log_count
 .bss.g_motion_log_write_index
                0x200035c0        0x4 CMakeFiles/HtiCar.dir/App/Src/app_main.c.obj
                0x200035c0                g_motion_log_write_index
 .bss.g_motion_log_overflow_count
                0x200035c4        0x4 CMakeFiles/HtiCar.dir/App/Src/app_main.c.obj
                0x200035c4                g_motion_log_overflow_count
 .bss.g_cruise_straight_sample_count
                0x200035c8        0x4 CMakeFiles/HtiCar.dir/App/Src/app_main.c.obj
                0x200035c8                g_cruise_straight_sample_count
 .bss.g_cruise_straight_speed_min_mm_s
                0x200035cc        0x4 CMakeFiles/HtiCar.dir/App/Src/app_main.c.obj
                0x200035cc                g_cruise_straight_speed_min_mm_s
 .bss.g_cruise_straight_speed_max_mm_s
                0x200035d0        0x4 CMakeFiles/HtiCar.dir/App/Src/app_main.c.obj
                0x200035d0                g_cruise_straight_speed_max_mm_s
 .bss.g_cruise_straight_accel_min_mm_s2
                0x200035d4        0x4 CMakeFiles/HtiCar.dir/App/Src/app_main.c.obj
                0x200035d4                g_cruise_straight_accel_min_mm_s2
 .bss.g_cruise_straight_accel_max_mm_s2
                0x200035d8        0x4 CMakeFiles/HtiCar.dir/App/Src/app_main.c.obj
                0x200035d8                g_cruise_straight_accel_max_mm_s2
 .bss.g_cruise_turn_sample_count
                0x200035dc        0x4 CMakeFiles/HtiCar.dir/App/Src/app_main.c.obj
                0x200035dc                g_cruise_turn_sample_count
 .bss.g_cruise_turn_speed_min_mm_s
                0x200035e0        0x4 CMakeFiles/HtiCar.dir/App/Src/app_main.c.obj
                0x200035e0                g_cruise_turn_speed_min_mm_s
 .bss.g_cruise_turn_speed_max_mm_s
                0x200035e4        0x4 CMakeFiles/HtiCar.dir/App/Src/app_main.c.obj
                0x200035e4                g_cruise_turn_speed_max_mm_s
 .bss.g_cruise_turn_accel_min_mm_s2
                0x200035e8        0x4 CMakeFiles/HtiCar.dir/App/Src/app_main.c.obj
                0x200035e8                g_cruise_turn_accel_min_mm_s2
 .bss.g_cruise_turn_accel_max_mm_s2
                0x200035ec        0x4 CMakeFiles/HtiCar.dir/App/Src/app_main.c.obj
                0x200035ec                g_cruise_turn_accel_max_mm_s2
 .bss.g_zdt_stepper_test_state
                0x200035f0        0x4 CMakeFiles/HtiCar.dir/App/Src/app_main.c.obj
                0x200035f0                g_zdt_stepper_test_state
 .bss.g_zdt_stepper_test_elapsed_ms
                0x200035f4        0x4 CMakeFiles/HtiCar.dir/App/Src/app_main.c.obj
                0x200035f4                g_zdt_stepper_test_elapsed_ms
 .bss.g_zdt_stepper_test_move_sent
                0x200035f8        0x4 CMakeFiles/HtiCar.dir/App/Src/app_main.c.obj
                0x200035f8                g_zdt_stepper_test_move_sent
 .bss.g_zdt_stepper_test_position_requested
                0x200035fc        0x4 CMakeFiles/HtiCar.dir/App/Src/app_main.c.obj
                0x200035fc                g_zdt_stepper_test_position_requested
 .bss.g_h_task_number
                0x20003600        0x4 CMakeFiles/HtiCar.dir/App/Src/app_main.c.obj
                0x20003600                g_h_task_number
 .bss.g_h_task_elapsed_ms
                0x20003604        0x4 CMakeFiles/HtiCar.dir/App/Src/app_main.c.obj
                0x20003604                g_h_task_elapsed_ms
 .bss.g_h_task_finished
                0x20003608        0x4 CMakeFiles/HtiCar.dir/App/Src/app_main.c.obj
                0x20003608                g_h_task_finished
 .bss.g_h_task_start_distance_um
                0x2000360c        0x4 CMakeFiles/HtiCar.dir/App/Src/app_main.c.obj
                0x2000360c                g_h_task_start_distance_um
 .bss.g_h_task_final_distance_um
                0x20003610        0x4 CMakeFiles/HtiCar.dir/App/Src/app_main.c.obj
                0x20003610                g_h_task_final_distance_um
 .bss.g_h_task_final_fused_heading_mdeg
                0x20003614        0x4 CMakeFiles/HtiCar.dir/App/Src/app_main.c.obj
                0x20003614                g_h_task_final_fused_heading_mdeg
 .bss.g_h_task_final_odometry_heading_mdeg
                0x20003618        0x4 CMakeFiles/HtiCar.dir/App/Src/app_main.c.obj
                0x20003618                g_h_task_final_odometry_heading_mdeg
 .bss.g_h_task_phase
                0x2000361c        0x4 CMakeFiles/HtiCar.dir/App/Src/app_main.c.obj